Archive member included to satisfy reference by file (symbol)

../src/ASF/thirdparty/wireless/services/common_hw_timer/sam0/lib\libsam0_lib_hw_timer.a(common_hw_timer.o)
                              build/Release/production/_ext/1247473316/sysTimer.o (common_tc_read_count)
c:/program files (x86)/atmel/studio/7.0/toolchain/arm/arm-gnu-toolchain/bin/../lib/gcc/arm-none-eabi/6.3.1/thumb/v6-m\libgcc.a(_udivsi3.o)
                              build/Release/production/_ext/949655971/ssd1306.o (__aeabi_uidiv)
c:/program files (x86)/atmel/studio/7.0/toolchain/arm/arm-gnu-toolchain/bin/../lib/gcc/arm-none-eabi/6.3.1/thumb/v6-m\libgcc.a(_divsi3.o)
                              ../src/ASF/thirdparty/wireless/services/common_hw_timer/sam0/lib\libsam0_lib_hw_timer.a(common_hw_timer.o) (__aeabi_idiv)
c:/program files (x86)/atmel/studio/7.0/toolchain/arm/arm-gnu-toolchain/bin/../lib/gcc/arm-none-eabi/6.3.1/thumb/v6-m\libgcc.a(_dvmd_tls.o)
                              c:/program files (x86)/atmel/studio/7.0/toolchain/arm/arm-gnu-toolchain/bin/../lib/gcc/arm-none-eabi/6.3.1/thumb/v6-m\libgcc.a(_udivsi3.o) (__aeabi_idiv0)
c:/program files (x86)/atmel/studio/7.0/toolchain/arm/arm-gnu-toolchain/bin/../lib/gcc/arm-none-eabi/6.3.1/thumb/v6-m\libgcc.a(_arm_cmpsf2.o)
                              build/Release/production/_ext/294023502/hw_timer.o (__aeabi_fcmpge)
c:/program files (x86)/atmel/studio/7.0/toolchain/arm/arm-gnu-toolchain/bin/../lib/gcc/arm-none-eabi/6.3.1/thumb/v6-m\libgcc.a(_muldi3.o)
                              build/Release/production/_ext/246296370/sercom.o (__aeabi_lmul)
c:/program files (x86)/atmel/studio/7.0/toolchain/arm/arm-gnu-toolchain/bin/../lib/gcc/arm-none-eabi/6.3.1/thumb/v6-m\libgcc.a(_fixunssfsi.o)
                              build/Release/production/_ext/294023502/hw_timer.o (__aeabi_f2uiz)
c:/program files (x86)/atmel/studio/7.0/toolchain/arm/arm-gnu-toolchain/bin/../lib/gcc/arm-none-eabi/6.3.1/thumb/v6-m\libgcc.a(addsf3.o)
                              build/Release/production/_ext/294023502/hw_timer.o (__aeabi_fadd)
c:/program files (x86)/atmel/studio/7.0/toolchain/arm/arm-gnu-toolchain/bin/../lib/gcc/arm-none-eabi/6.3.1/thumb/v6-m\libgcc.a(divsf3.o)
                              build/Release/production/_ext/294023502/hw_timer.o (__aeabi_fdiv)
c:/program files (x86)/atmel/studio/7.0/toolchain/arm/arm-gnu-toolchain/bin/../lib/gcc/arm-none-eabi/6.3.1/thumb/v6-m\libgcc.a(eqsf2.o)
                              c:/program files (x86)/atmel/studio/7.0/toolchain/arm/arm-gnu-toolchain/bin/../lib/gcc/arm-none-eabi/6.3.1/thumb/v6-m\libgcc.a(_arm_cmpsf2.o) (__eqsf2)
c:/program files (x86)/atmel/studio/7.0/toolchain/arm/arm-gnu-toolchain/bin/../lib/gcc/arm-none-eabi/6.3.1/thumb/v6-m\libgcc.a(gesf2.o)
                              c:/program files (x86)/atmel/studio/7.0/toolchain/arm/arm-gnu-toolchain/bin/../lib/gcc/arm-none-eabi/6.3.1/thumb/v6-m\libgcc.a(_arm_cmpsf2.o) (__gesf2)
c:/program files (x86)/atmel/studio/7.0/toolchain/arm/arm-gnu-toolchain/bin/../lib/gcc/arm-none-eabi/6.3.1/thumb/v6-m\libgcc.a(lesf2.o)
                              c:/program files (x86)/atmel/studio/7.0/toolchain/arm/arm-gnu-toolchain/bin/../lib/gcc/arm-none-eabi/6.3.1/thumb/v6-m\libgcc.a(_arm_cmpsf2.o) (__lesf2)
c:/program files (x86)/atmel/studio/7.0/toolchain/arm/arm-gnu-toolchain/bin/../lib/gcc/arm-none-eabi/6.3.1/thumb/v6-m\libgcc.a(subsf3.o)
                              build/Release/production/_ext/294023502/hw_timer.o (__aeabi_fsub)
c:/program files (x86)/atmel/studio/7.0/toolchain/arm/arm-gnu-toolchain/bin/../lib/gcc/arm-none-eabi/6.3.1/thumb/v6-m\libgcc.a(fixsfsi.o)
                              c:/program files (x86)/atmel/studio/7.0/toolchain/arm/arm-gnu-toolchain/bin/../lib/gcc/arm-none-eabi/6.3.1/thumb/v6-m\libgcc.a(_fixunssfsi.o) (__aeabi_f2iz)
c:/program files (x86)/atmel/studio/7.0/toolchain/arm/arm-gnu-toolchain/bin/../lib/gcc/arm-none-eabi/6.3.1/thumb/v6-m\libgcc.a(floatunsisf.o)
                              build/Release/production/_ext/294023502/hw_timer.o (__aeabi_ui2f)
c:/program files (x86)/atmel/studio/7.0/toolchain/arm/arm-gnu-toolchain/bin/../lib/gcc/arm-none-eabi/6.3.1/thumb/v6-m\libgcc.a(adddf3.o)
                              build/Release/production/_ext/992430548/i2c_master.o (__aeabi_dadd)
c:/program files (x86)/atmel/studio/7.0/toolchain/arm/arm-gnu-toolchain/bin/../lib/gcc/arm-none-eabi/6.3.1/thumb/v6-m\libgcc.a(divdf3.o)
                              build/Release/production/_ext/992430548/i2c_master.o (__aeabi_ddiv)
c:/program files (x86)/atmel/studio/7.0/toolchain/arm/arm-gnu-toolchain/bin/../lib/gcc/arm-none-eabi/6.3.1/thumb/v6-m\libgcc.a(muldf3.o)
                              build/Release/production/_ext/992430548/i2c_master.o (__aeabi_dmul)
c:/program files (x86)/atmel/studio/7.0/toolchain/arm/arm-gnu-toolchain/bin/../lib/gcc/arm-none-eabi/6.3.1/thumb/v6-m\libgcc.a(subdf3.o)
                              build/Release/production/_ext/992430548/i2c_master.o (__aeabi_dsub)
[...]
Memory Configuration

Name             Origin             Length             Attributes
rom              0x00000000         0x00040000         xr
ram              0x20000000         0x00008000         xrw
*default*        0x00000000         0xffffffff

Linker script and memory map

LOAD c:/program files (x86)/atmel/studio/7.0/toolchain/arm/arm-gnu-toolchain/bin/../lib/gcc/arm-none-eabi/6.3.1/thumb/v6-m/crti.o
LOAD c:/program files (x86)/atmel/studio/7.0/toolchain/arm/arm-gnu-toolchain/bin/../lib/gcc/arm-none-eabi/6.3.1/thumb/v6-m/crtbegin.o
LOAD c:/program files (x86)/atmel/studio/7.0/toolchain/arm/arm-gnu-toolchain/bin/../lib/gcc/arm-none-eabi/6.3.1/../../../../arm-none-eabi/lib/thumb/v6-m/crt0.o
LOAD build/Release/production/_ext/949655971/ssd1306.o
LOAD build/Release/production/_ext/2004935951/systick_counter.o
LOAD build/Release/production/_ext/1656467811/gfx_mono_framebuffer.o
LOAD build/Release/production/_ext/1656467811/gfx_mono_generic.o
LOAD build/Release/production/_ext/1656467811/gfx_mono_spinctrl.o
LOAD build/Release/production/_ext/1656467811/gfx_mono_text.o
LOAD build/Release/production/_ext/1656467811/gfx_mono_ug_2832hsweg04.o
LOAD build/Release/production/_ext/1656467811/sysfont.o
LOAD build/Release/production/_ext/1939168694/interrupt_sam_nvic.o
LOAD build/Release/production/_ext/1350218445/board_init.o
LOAD build/Release/production/_ext/629492261/extint_callback.o
LOAD build/Release/production/_ext/559814147/extint.o
LOAD build/Release/production/_ext/2106479848/nvm.o
LOAD build/Release/production/_ext/876312722/port.o
LOAD build/Release/production/_ext/1834056647/rtc_count.o
LOAD build/Release/production/_ext/1834056647/rtc_count_interrupt.o
LOAD build/Release/production/_ext/992430548/i2c_master.o
LOAD build/Release/production/_ext/246296370/sercom.o
LOAD build/Release/production/_ext/246296370/sercom_interrupt.o
LOAD build/Release/production/_ext/1599591659/spi.o
LOAD build/Release/production/_ext/388775292/usart.o
LOAD build/Release/production/_ext/388775292/usart_interrupt.o
LOAD build/Release/production/_ext/1900123450/clock.o
LOAD build/Release/production/_ext/1900123450/gclk.o
LOAD build/Release/production/_ext/1234282992/system_interrupt.o
LOAD build/Release/production/_ext/980481618/pinmux.o
LOAD build/Release/production/_ext/227780132/system.o
LOAD build/Release/production/_ext/760687460/tc_interrupt.o
LOAD build/Release/production/_ext/1281927709/tc.o
LOAD build/Release/production/_ext/386045837/startup_samr21.o
LOAD build/Release/production/_ext/2084470165/system_samr21.o
LOAD build/Release/production/_ext/1312133662/read.o
LOAD build/Release/production/_ext/1312133662/write.o
LOAD build/Release/production/_ext/1284275751/syscalls.o
LOAD build/Release/production/_ext/679194198/sio2host.o
LOAD build/Release/production/_ext/606001575/lcd.o
LOAD build/Release/production/_ext/276232701/fakePds.o
LOAD build/Release/production/_ext/1033996233/D_Nv.o
LOAD build/Release/production/_ext/541830287/D_XNv-SamR21.o
LOAD build/Release/production/_ext/541830287/S_Nv-External.o
LOAD build/Release/production/_ext/541830287/S_XNv.o
LOAD build/Release/production/_ext/1033996233/S_Nv-SamR21.o
LOAD build/Release/production/_ext/1033996502/wlPdsDataServer.o
LOAD build/Release/production/_ext/1033996502/wlPdsInit.o
LOAD build/Release/production/_ext/1033996502/wlPdsTaskManager.o
LOAD build/Release/production/_ext/1033996502/wlPdsTypesConverter.o
LOAD build/Release/production/_ext/618169834/sleep_mgr.o
LOAD build/Release/production/_ext/519960650/mimac_at86rf.o
LOAD build/Release/production/_ext/2007916678/phy.o
LOAD build/Release/production/_ext/1484681269/miwi_p2p_pds.o
LOAD build/Release/production/_ext/1484681269/miwi_p2p_star.o
LOAD build/Release/production/_ext/1247473316/mimem.o
LOAD build/Release/production/_ext/1247473316/miqueue.o
LOAD build/Release/production/_ext/1247473316/sysTimer.o
LOAD build/Release/production/_ext/294023502/hw_timer.o
LOAD build/Release/production/_ext/744499385/edbg-eui.o
LOAD build/Release/production/_ext/1691084554/sam_nvm.o
LOAD build/Release/production/_ext/1592874582/sal.o
LOAD build/Release/production/_ext/1248978276/trx_access.o
LOAD build/Release/production/_ext/1360937237/demo_output.o
LOAD build/Release/production/_ext/1360937237/main.o
LOAD build/Release/production/_ext/1360937237/p2p_demo.o
LOAD build/Release/production/_ext/1360937237/task.o
                0x00000001                __MPLAB_BUILD = 0x1
LOAD ../src/ASF/thirdparty/wireless/services/common_hw_timer/sam0/lib\libsam0_lib_hw_timer.a
LOAD ../src/ASF/thirdparty/CMSIS/Lib/GCC\libarm_cortexM0l_math.a
LOAD c:/program files (x86)/atmel/studio/7.0/toolchain/arm/arm-gnu-toolchain/bin/../lib/gcc/arm-none-eabi/6.3.1/../../../../arm-none-eabi/lib/thumb/v6-m\libm.a
START GROUP
LOAD c:/program files (x86)/atmel/studio/7.0/toolchain/arm/arm-gnu-toolchain/bin/../lib/gcc/arm-none-eabi/6.3.1/thumb/v6-m\libgcc.a
LOAD c:/program files (x86)/atmel/studio/7.0/toolchain/arm/arm-gnu-toolchain/bin/../lib/gcc/arm-none-eabi/6.3.1/../../../../arm-none-eabi/lib/thumb/v6-m\libc_nano.a
END GROUP
START GROUP
LOAD c:/program files (x86)/atmel/studio/7.0/toolchain/arm/arm-gnu-toolchain/bin/../lib/gcc/arm-none-eabi/6.3.1/thumb/v6-m\libgcc.a
LOAD c:/program files (x86)/atmel/studio/7.0/toolchain/arm/arm-gnu-toolchain/bin/../lib/gcc/arm-none-eabi/6.3.1/../../../../arm-none-eabi/lib/thumb/v6-m\libc_nano.a
END GROUP
LOAD c:/program files (x86)/atmel/studio/7.0/toolchain/arm/arm-gnu-toolchain/bin/../lib/gcc/arm-none-eabi/6.3.1/thumb/v6-m/crtend.o
LOAD c:/program files (x86)/atmel/studio/7.0/toolchain/arm/arm-gnu-toolchain/bin/../lib/gcc/arm-none-eabi/6.3.1/thumb/v6-m/crtn.o
                0x00000e00                STACK_SIZE = DEFINED (STACK_SIZE)?STACK_SIZE:DEFINED (__stack_size__)?__stack_size__:0xe00

.text           0x00000000    0x14438
                0x00000000                . = ALIGN (0x4)
                0x00000000                _sfixed = .
 *(.vectors .vectors.*)
 .vectors       0x00000000       0xb4 build/Release/production/_ext/386045837/startup_samr21.o
                0x00000000                exception_table
                0x00002100                . = ALIGN (0x2100)
 *fill*         0x000000b4     0x204c 
                0x00002100                PROVIDE (__d_nv_mem_start, .)
 FILL mask 0xffffffff
                0x00006100                . = ALIGN (0x6100)
 *fill*         0x00002100     0x4000 ffffffff
                [!provide]                PROVIDE (__d_nv_mem_end, .)
                0x00006100                PROVIDE (__pds_ff_start, .)
 *(.pds_ff)
 .pds_ff        0x00006100       0x70 build/Release/production/_ext/1484681269/miwi_p2p_pds.o
                0x00006100                pds_ff_PDS_EDC_ID
                0x00006110                pds_ff_PDS_CONNECTION_TABLE_ID
                0x00006120                pds_ff_PDS_CONNECTION_MODE_ID
                0x00006130                pds_ff_PDS_CURRENT_CHANNEL_ID
                0x00006140                pds_ff_PDS_LONGADDR_ID
                0x00006150                pds_ff_PDS_PANID_ID
                0x00006160                pds_ff_PDS_OUTGOING_FRAME_COUNTER_ID
                [!provide]                PROVIDE (__pds_ff_end, .)
                0x00006170                PROVIDE (__pds_fd_start, .)
 *(.pds_fd)
 .pds_fd        0x00006170        0x8 build/Release/production/_ext/1484681269/miwi_p2p_pds.o
                0x00006170                MiWiFullParamsDirDescr
                [!provide]                PROVIDE (__pds_fd_end, .)
 *(.text .text.* .gnu.linkonce.t.*)
 .text          0x00006178       0x60 c:/program files (x86)/atmel/studio/7.0/toolchain/arm/arm-gnu-toolchain/bin/../lib/gcc/arm-none-eabi/6.3.1/thumb/v6-m/crtbegin.o
 .text.delay_init
                0x000061d8       0x40 build/Release/production/_ext/2004935951/systick_counter.o
                0x000061d8                delay_init
 .text.delay_cycles_us
                0x00006218       0x30 build/Release/production/_ext/2004935951/systick_counter.o
                0x00006218                delay_cycles_us
 .text.delay_cycles_ms
                0x00006248       0x30 build/Release/production/_ext/2004935951/systick_counter.o
                0x00006248                delay_cycles_ms
 .text.cpu_irq_enter_critical
                0x00006278       0x3c build/Release/production/_ext/1939168694/interrupt_sam_nvic.o
                0x00006278                cpu_irq_enter_critical
 .text.cpu_irq_leave_critical
                0x000062b4       0x30 build/Release/production/_ext/1939168694/interrupt_sam_nvic.o
                0x000062b4                cpu_irq_leave_critical
 .text.system_board_init
                0x000062e4       0xcc build/Release/production/_ext/1350218445/board_init.o
                0x000062e4                board_init
                0x000062e4                system_board_init
 .text.extint_register_callback
                0x000063b0       0x28 build/Release/production/_ext/629492261/extint_callback.o
                0x000063b0                extint_register_callback
 .text.extint_chan_enable_callback
                0x000063d8       0x24 build/Release/production/_ext/629492261/extint_callback.o
                0x000063d8                extint_chan_enable_callback
 .text.extint_chan_disable_callback
                0x000063fc       0x24 build/Release/production/_ext/629492261/extint_callback.o
                0x000063fc                extint_chan_disable_callback
 .text.EIC_Handler
                0x00006420       0x40 build/Release/production/_ext/629492261/extint_callback.o
                0x00006420                EIC_Handler
 .text._system_extint_init
                0x00006460       0x74 build/Release/production/_ext/559814147/extint.o
                0x00006460                _system_extint_init
 .text.extint_chan_get_config_defaults
                0x000064d4       0x14 build/Release/production/_ext/559814147/extint.o
                0x000064d4                extint_chan_get_config_defaults
 .text.extint_chan_set_config
                0x000064e8       0x78 build/Release/production/_ext/559814147/extint.o
                0x000064e8                extint_chan_set_config
 .text.nvm_set_config
                0x00006560       0x80 build/Release/production/_ext/2106479848/nvm.o
                0x00006560                nvm_set_config
 .text.nvm_write_buffer
                0x000065e0       0xe8 build/Release/production/_ext/2106479848/nvm.o
                0x000065e0                nvm_write_buffer
 .text.nvm_erase_row
                0x000066c8       0x58 build/Release/production/_ext/2106479848/nvm.o
                0x000066c8                nvm_erase_row
 .text.port_pin_set_config
                0x00006720       0x24 build/Release/production/_ext/876312722/port.o
                0x00006720                port_pin_set_config
 .text.RTC_Handler
                0x00006744       0x5c build/Release/production/_ext/1834056647/rtc_count_interrupt.o
                0x00006744                RTC_Handler
 .text._i2c_master_write_packet
                0x000067a0      0x184 build/Release/production/_ext/992430548/i2c_master.o
 .text._i2c_master_read_packet
                0x00006924      0x2a4 build/Release/production/_ext/992430548/i2c_master.o
 .text.i2c_master_init
                0x00006bc8      0x2dc build/Release/production/_ext/992430548/i2c_master.o
                0x00006bc8                i2c_master_init
 .text.i2c_master_reset
                0x00006ea4       0x30 build/Release/production/_ext/992430548/i2c_master.o
                0x00006ea4                i2c_master_reset
 .text.i2c_master_read_packet_wait
                0x00006ed4       0x14 build/Release/production/_ext/992430548/i2c_master.o
                0x00006ed4                i2c_master_read_packet_wait
 .text.i2c_master_write_packet_wait_no_stop
                0x00006ee8       0x14 build/Release/production/_ext/992430548/i2c_master.o
                0x00006ee8                i2c_master_write_packet_wait_no_stop
 .text._sercom_get_sync_baud_val
                0x00006efc       0x28 build/Release/production/_ext/246296370/sercom.o
                0x00006efc                _sercom_get_sync_baud_val
 .text._sercom_get_async_baud_val
                0x00006f24      0x268 build/Release/production/_ext/246296370/sercom.o
                0x00006f24                _sercom_get_async_baud_val
 .text.sercom_set_gclk_generator
                0x0000718c       0x48 build/Release/production/_ext/246296370/sercom.o
                0x0000718c                sercom_set_gclk_generator
 .text._sercom_get_default_pad
                0x000071d4      0x160 build/Release/production/_ext/246296370/sercom.o
                0x000071d4                _sercom_get_default_pad
 .text._sercom_get_sercom_inst_index
                0x00007334       0x64 build/Release/production/_ext/246296370/sercom.o
                0x00007334                _sercom_get_sercom_inst_index
 .text._sercom_default_handler
                0x00007398        0x4 build/Release/production/_ext/246296370/sercom_interrupt.o
 .text._sercom_set_handler
                0x0000739c       0x48 build/Release/production/_ext/246296370/sercom_interrupt.o
                0x0000739c                _sercom_set_handler
 .text._sercom_get_interrupt_vector
                0x000073e4       0x30 build/Release/production/_ext/246296370/sercom_interrupt.o
                0x000073e4                _sercom_get_interrupt_vector
 .text.SERCOM0_Handler
                0x00007414       0x10 build/Release/production/_ext/246296370/sercom_interrupt.o
                0x00007414                SERCOM0_Handler
 .text.SERCOM1_Handler
                0x00007424       0x10 build/Release/production/_ext/246296370/sercom_interrupt.o
                0x00007424                SERCOM1_Handler
 .text.SERCOM2_Handler
                0x00007434       0x10 build/Release/production/_ext/246296370/sercom_interrupt.o
                0x00007434                SERCOM2_Handler
 .text.SERCOM3_Handler
                0x00007444       0x10 build/Release/production/_ext/246296370/sercom_interrupt.o
                0x00007444                SERCOM3_Handler
 .text.SERCOM4_Handler
                0x00007454       0x10 build/Release/production/_ext/246296370/sercom_interrupt.o
                0x00007454                SERCOM4_Handler
 .text.SERCOM5_Handler
                0x00007464       0x10 build/Release/production/_ext/246296370/sercom_interrupt.o
                0x00007464                SERCOM5_Handler
 .text.spi_init
                0x00007474      0x41c build/Release/production/_ext/1599591659/spi.o
                0x00007474                spi_init
 .text.spi_select_slave
                0x00007890       0xd4 build/Release/production/_ext/1599591659/spi.o
                0x00007890                spi_select_slave
 .text.usart_init
                0x00007964      0x334 build/Release/production/_ext/388775292/usart.o
                0x00007964                usart_init
 .text.usart_write_wait
                0x00007c98       0x24 build/Release/production/_ext/388775292/usart.o
                0x00007c98                usart_write_wait
 .text.usart_read_wait
                0x00007cbc       0x6c build/Release/production/_ext/388775292/usart.o
                0x00007cbc                usart_read_wait
 .text.usart_write_buffer_wait
                0x00007d28       0xb8 build/Release/production/_ext/388775292/usart.o
                0x00007d28                usart_write_buffer_wait
 .text.usart_read_buffer_wait
                0x00007de0      0x104 build/Release/production/_ext/388775292/usart.o
                0x00007de0                usart_read_buffer_wait
 .text._usart_interrupt_handler
                0x00007ee4      0x190 build/Release/production/_ext/388775292/usart_interrupt.o
                0x00007ee4                _usart_interrupt_handler
 .text.system_clock_source_get_hz
                0x00008074       0x90 build/Release/production/_ext/1900123450/clock.o
                0x00008074                system_clock_source_get_hz
 .text.system_clock_source_dfll_set_config
                0x00008104       0x7c build/Release/production/_ext/1900123450/clock.o
                0x00008104                system_clock_source_dfll_set_config
 .text.system_clock_init
                0x00008180      0x21c build/Release/production/_ext/1900123450/clock.o
                0x00008180                system_clock_init
 .text.system_gclk_init
                0x0000839c       0x24 build/Release/production/_ext/1900123450/gclk.o
                0x0000839c                system_gclk_init
 .text.system_gclk_gen_set_config
                0x000083c0       0xb4 build/Release/production/_ext/1900123450/gclk.o
                0x000083c0                system_gclk_gen_set_config
 .text.system_gclk_gen_enable
                0x00008474       0x40 build/Release/production/_ext/1900123450/gclk.o
                0x00008474                system_gclk_gen_enable
 .text.system_gclk_gen_get_hz
                0x000084b4       0x88 build/Release/production/_ext/1900123450/gclk.o
                0x000084b4                system_gclk_gen_get_hz
 .text.system_gclk_chan_set_config
                0x0000853c       0x64 build/Release/production/_ext/1900123450/gclk.o
                0x0000853c                system_gclk_chan_set_config
 .text.system_gclk_chan_enable
                0x000085a0       0x30 build/Release/production/_ext/1900123450/gclk.o
                0x000085a0                system_gclk_chan_enable
 .text.system_gclk_chan_get_hz
                0x000085d0       0x98 build/Release/production/_ext/1900123450/gclk.o
                0x000085d0                system_gclk_chan_get_hz
 .text.system_pinmux_pin_set_config
                0x00008668       0xd0 build/Release/production/_ext/980481618/pinmux.o
                0x00008668                system_pinmux_pin_set_config
 .text._system_dummy_init
                0x00008738        0x4 build/Release/production/_ext/227780132/system.o
                0x00008738                _system_events_init
                0x00008738                _system_dummy_init
                0x00008738                _system_divas_init
 .text.system_init
                0x0000873c       0x2c build/Release/production/_ext/227780132/system.o
                0x0000873c                system_init
 .text.tc_register_callback
                0x00008768       0x34 build/Release/production/_ext/760687460/tc_interrupt.o
                0x00008768                tc_register_callback
 .text.TC3_Handler
                0x0000879c       0x60 build/Release/production/_ext/760687460/tc_interrupt.o
                0x0000879c                TC3_Handler
 .text.TC4_Handler
                0x000087fc       0x60 build/Release/production/_ext/760687460/tc_interrupt.o
                0x000087fc                TC4_Handler
 .text.TC5_Handler
                0x0000885c       0x60 build/Release/production/_ext/760687460/tc_interrupt.o
                0x0000885c                TC5_Handler
 .text._tc_get_inst_index
                0x000088bc       0x40 build/Release/production/_ext/1281927709/tc.o
                0x000088bc                _tc_get_inst_index
 .text.tc_init  0x000088fc      0x2c0 build/Release/production/_ext/1281927709/tc.o
                0x000088fc                tc_init
 .text.tc_get_count_value
                0x00008bbc       0x2c build/Release/production/_ext/1281927709/tc.o
                0x00008bbc                tc_get_count_value
 .text.tc_set_compare_value
                0x00008be8       0x50 build/Release/production/_ext/1281927709/tc.o
                0x00008be8                tc_set_compare_value
 .text.Dummy_Handler
                0x00008c38        0x4 build/Release/production/_ext/386045837/startup_samr21.o
                0x00008c38                DMAC_Handler
                0x00008c38                HardFault_Handler
                0x00008c38                AC_Handler
                0x00008c38                SysTick_Handler
                0x00008c38                PendSV_Handler
                0x00008c38                NMI_Handler
                0x00008c38                ADC_Handler
                0x00008c38                TCC1_Handler
                0x00008c38                TCC0_Handler
                0x00008c38                WDT_Handler
                0x00008c38                USB_Handler
                0x00008c38                Dummy_Handler
                0x00008c38                PM_Handler
                0x00008c38                SVC_Handler
                0x00008c38                TCC2_Handler
                0x00008c38                EVSYS_Handler
                0x00008c38                NVMCTRL_Handler
                0x00008c38                PTC_Handler
                0x00008c38                SYSCTRL_Handler
 .text.Reset_Handler
                0x00008c3c       0xd4 build/Release/production/_ext/386045837/startup_samr21.o
                0x00008c3c                Reset_Handler
 .text._read    0x00008d10       0x44 build/Release/production/_ext/1312133662/read.o
                0x00008d10                _read
 .text._write   0x00008d54       0x48 build/Release/production/_ext/1312133662/write.o
                0x00008d54                _write
 .text._sbrk    0x00008d9c       0x1c build/Release/production/_ext/1284275751/syscalls.o
                0x00008d9c                _sbrk
 .text._close   0x00008db8        0x8 build/Release/production/_ext/1284275751/syscalls.o
                0x00008db8                _close
 .text._fstat   0x00008dc0        0xc build/Release/production/_ext/1284275751/syscalls.o
                0x00008dc0                _fstat
 .text._isatty  0x00008dcc        0x4 build/Release/production/_ext/1284275751/syscalls.o
                0x00008dcc                _isatty
 .text._lseek   0x00008dd0        0x4 build/Release/production/_ext/1284275751/syscalls.o
                0x00008dd0                _lseek
 .text.usart_serial_getchar
                0x00008dd4       0x28 build/Release/production/_ext/679194198/sio2host.o
 .text.usart_serial_putchar
                0x00008dfc       0x18 build/Release/production/_ext/679194198/sio2host.o
 .text.USART_HOST_ISR_VECT
                0x00008e14       0x58 build/Release/production/_ext/679194198/sio2host.o
                0x00008e14                USART_HOST_ISR_VECT
 .text.sio2host_init
                0x00008e6c      0x13c build/Release/production/_ext/679194198/sio2host.o
                0x00008e6c                sio2host_init
 .text.sio2host_tx
                0x00008fa8       0x34 build/Release/production/_ext/679194198/sio2host.o
                0x00008fa8                sio2host_tx
 .text.sio2host_putchar
                0x00008fdc       0x28 build/Release/production/_ext/679194198/sio2host.o
                0x00008fdc                sio2host_putchar
 .text.D_Nv_Init
                0x00009004        0x4 build/Release/production/_ext/1033996233/D_Nv.o
                0x00009004                D_Nv_Init
 .text.D_Nv_Read_Impl
                0x00009008       0x20 build/Release/production/_ext/1033996233/D_Nv.o
                0x00009008                D_Nv_Read_Impl
 .text.D_Nv_Write_Impl
                0x00009028       0xe8 build/Release/production/_ext/1033996233/D_Nv.o
                0x00009028                D_Nv_Write_Impl
 .text.D_Nv_EraseSector_Impl
                0x00009110       0x2c build/Release/production/_ext/1033996233/D_Nv.o
                0x00009110                D_Nv_EraseSector_Impl
 .text.D_Nv_IsEmpty_Impl
                0x0000913c       0x60 build/Release/production/_ext/1033996233/D_Nv.o
                0x0000913c                D_Nv_IsEmpty_Impl
 .text.D_Nv_IsEqual_Impl
                0x0000919c       0x70 build/Release/production/_ext/1033996233/D_Nv.o
                0x0000919c                D_Nv_IsEqual_Impl
 .text.eraseSectorTimerFired
                0x0000920c       0x28 build/Release/production/_ext/1033996233/S_Nv-SamR21.o
 .text.ComputeDataCrc
                0x00009234      0x168 build/Release/production/_ext/1033996233/S_Nv-SamR21.o
 .text.WriteSectorHeader
                0x0000939c       0xa0 build/Release/production/_ext/1033996233/S_Nv-SamR21.o
 .text.WriteDataBlockAndHeader
                0x0000943c      0x1cc build/Release/production/_ext/1033996233/S_Nv-SamR21.o
 .text.CompactSector
                0x00009608      0x620 build/Release/production/_ext/1033996233/S_Nv-SamR21.o
 .text.compactSectorTimerFired
                0x00009c28       0x20 build/Release/production/_ext/1033996233/S_Nv-SamR21.o
 .text.CompactItem.part.4
                0x00009c48      0x398 build/Release/production/_ext/1033996233/S_Nv-SamR21.o
 .text.compactItemTimerFired
                0x00009fe0       0x90 build/Release/production/_ext/1033996233/S_Nv-SamR21.o
 .text.S_Nv_EarlyInit
                0x0000a070      0xd14 build/Release/production/_ext/1033996233/S_Nv-SamR21.o
                0x0000a070                S_Nv_EarlyInit
 .text.S_Nv_Init
                0x0000ad84       0x34 build/Release/production/_ext/1033996233/S_Nv-SamR21.o
                0x0000ad84                S_Nv_Init
 .text.S_Nv_ItemInit_Impl
                0x0000adb8      0x2ac build/Release/production/_ext/1033996233/S_Nv-SamR21.o
                0x0000adb8                S_Nv_ItemInit_Impl
 .text.S_Nv_Write_Impl
                0x0000b064      0x17c build/Release/production/_ext/1033996233/S_Nv-SamR21.o
                0x0000b064                S_Nv_Write_Impl
 .text.S_Nv_ItemLength_Impl
                0x0000b1e0       0x60 build/Release/production/_ext/1033996233/S_Nv-SamR21.o
                0x0000b1e0                S_Nv_ItemLength_Impl
 .text.S_Nv_IsItemAvailable_Impl
                0x0000b240       0x44 build/Release/production/_ext/1033996233/S_Nv-SamR21.o
                0x0000b240                S_Nv_IsItemAvailable_Impl
 .text.PDS_Restore
                0x0000b284      0x128 build/Release/production/_ext/1033996502/wlPdsDataServer.o
                0x0000b284                PDS_Restore
 .text.PDS_Store
                0x0000b3ac       0xb4 build/Release/production/_ext/1033996502/wlPdsDataServer.o
                0x0000b3ac                PDS_Store
 .text.pdsStoreItemTaskHandler
                0x0000b460      0x10c build/Release/production/_ext/1033996502/wlPdsDataServer.o
                0x0000b460                pdsStoreItemTaskHandler
 .text.PDS_IsAbleToRestore
                0x0000b56c      0x168 build/Release/production/_ext/1033996502/wlPdsDataServer.o
                0x0000b56c                PDS_IsAbleToRestore
 .text.PDS_Init
                0x0000b6d4       0x14 build/Release/production/_ext/1033996502/wlPdsInit.o
                0x0000b6d4                PDS_Init
 .text.PDS_InitItems
                0x0000b6e8       0x3c build/Release/production/_ext/1033996502/wlPdsInit.o
                0x0000b6e8                PDS_InitItems
 .text.pdsPostTask
                0x0000b724       0x14 build/Release/production/_ext/1033996502/wlPdsTaskManager.o
                0x0000b724                pdsPostTask
 .text.PDS_TaskHandler
                0x0000b738       0x38 build/Release/production/_ext/1033996502/wlPdsTaskManager.o
                0x0000b738                PDS_TaskHandler
 .text.pdsUpdateMemory
                0x0000b770        0x4 build/Release/production/_ext/1033996502/wlPdsTypesConverter.o
                0x0000b770                pdsUpdateMemory
 .text.pdsGetItemDescr
                0x0000b774       0xd0 build/Release/production/_ext/1033996502/wlPdsTypesConverter.o
                0x0000b774                pdsGetItemDescr
 .text.pdsGetDirDescr
                0x0000b844       0x34 build/Release/production/_ext/1033996502/wlPdsTypesConverter.o
                0x0000b844                pdsGetDirDescr
 .text.PHY_DataConf
                0x0000b878       0x14 build/Release/production/_ext/519960650/mimac_at86rf.o
                0x0000b878                PHY_DataConf
 .text.MiMAC_SetAltAddress
                0x0000b88c       0x38 build/Release/production/_ext/519960650/mimac_at86rf.o
                0x0000b88c                MiMAC_SetAltAddress
 .text.mic_generator
                0x0000b8c4      0x1b4 build/Release/production/_ext/519960650/mimac_at86rf.o
                0x0000b8c4                mic_generator
 .text.DataEncrypt
                0x0000ba78      0x2a0 build/Release/production/_ext/519960650/mimac_at86rf.o
                0x0000ba78                DataEncrypt
 .text.DataDecrypt
                0x0000bd18      0x414 build/Release/production/_ext/519960650/mimac_at86rf.o
                0x0000bd18                DataDecrypt
 .text.MiMAC_Set
                0x0000c12c       0x28 build/Release/production/_ext/519960650/mimac_at86rf.o
                0x0000c12c                MiMAC_Set
 .text.MiMAC_Init
                0x0000c154       0xa0 build/Release/production/_ext/519960650/mimac_at86rf.o
                0x0000c154                MiMAC_Init
 .text.MiMAC_SendPacket
                0x0000c1f4      0x3d8 build/Release/production/_ext/519960650/mimac_at86rf.o
                0x0000c1f4                MiMAC_SendPacket
 .text.MiMAC_DiscardPacket
                0x0000c5cc       0x1c build/Release/production/_ext/519960650/mimac_at86rf.o
                0x0000c5cc                MiMAC_DiscardPacket
 .text.MiMAC_ReceivedPacket
                0x0000c5e8      0x464 build/Release/production/_ext/519960650/mimac_at86rf.o
                0x0000c5e8                MiMAC_ReceivedPacket
 .text.MiMAC_SymbolToTicks
                0x0000ca4c        0x4 build/Release/production/_ext/519960650/mimac_at86rf.o
                0x0000ca4c                MiMAC_SymbolToTicks
 .text.MiMAC_Task
                0x0000ca50       0x44 build/Release/production/_ext/519960650/mimac_at86rf.o
                0x0000ca50                MiMAC_Task
 .text.PHY_DataReq
                0x0000ca94       0x3c build/Release/production/_ext/2007916678/phy.o
                0x0000ca94                PHY_DataReq
 .text.PHY_RandomReq
                0x0000cad0      0x114 build/Release/production/_ext/2007916678/phy.o
                0x0000cad0                PHY_RandomReq
 .text.PHY_Init
                0x0000cbe4       0x54 build/Release/production/_ext/2007916678/phy.o
                0x0000cbe4                PHY_Init
 .text.PHY_SetRxState
                0x0000cc38       0xa8 build/Release/production/_ext/2007916678/phy.o
                0x0000cc38                PHY_SetRxState
 .text.PHY_SetChannel
                0x0000cce0       0xcc build/Release/production/_ext/2007916678/phy.o
                0x0000cce0                PHY_SetChannel
 .text.PHY_SetPanId
                0x0000cdac       0x20 build/Release/production/_ext/2007916678/phy.o
                0x0000cdac                PHY_SetPanId
 .text.PHY_SetShortAddr
                0x0000cdcc       0x2c build/Release/production/_ext/2007916678/phy.o
                0x0000cdcc                PHY_SetShortAddr
 .text.PHY_EncryptReq
                0x0000cdf8       0x2c build/Release/production/_ext/2007916678/phy.o
                0x0000cdf8                PHY_EncryptReq
 .text.PHY_SetIEEEAddr
                0x0000ce24       0x20 build/Release/production/_ext/2007916678/phy.o
                0x0000ce24                PHY_SetIEEEAddr
 .text.PHY_TaskHandler
                0x0000ce44      0x260 build/Release/production/_ext/2007916678/phy.o
                0x0000ce44                PHY_TaskHandler
 .text.frameTxCallback
                0x0000d0a4       0x30 build/Release/production/_ext/1484681269/miwi_p2p_star.o
 .text.connectionRespConfCallback
                0x0000d0d4       0x10 build/Release/production/_ext/1484681269/miwi_p2p_star.o
 .text.macAckOnlyDataCallback
                0x0000d0e4       0x3c build/Release/production/_ext/1484681269/miwi_p2p_star.o
                0x0000d0e4                macAckOnlyDataCallback
 .text.CommandConfCallback
                0x0000d120       0x10 build/Release/production/_ext/1484681269/miwi_p2p_star.o
 .text.protocolTimerHandler
                0x0000d130       0xe4 build/Release/production/_ext/1484681269/miwi_p2p_star.o
 .text.connReqConfCallback
                0x0000d214       0xe0 build/Release/production/_ext/1484681269/miwi_p2p_star.o
 .text.MiApp_ProtocolInit
                0x0000d2f4      0x198 build/Release/production/_ext/1484681269/miwi_p2p_star.o
                0x0000d2f4                MiApp_ProtocolInit
 .text.MiApp_Set
                0x0000d48c       0x30 build/Release/production/_ext/1484681269/miwi_p2p_star.o
                0x0000d48c                MiApp_Set
 .text.MiApp_ConnectionMode
                0x0000d4bc       0x2c build/Release/production/_ext/1484681269/miwi_p2p_star.o
                0x0000d4bc                MiApp_ConnectionMode
 .text.MiApp_StartConnection
                0x0000d4e8       0xc0 build/Release/production/_ext/1484681269/miwi_p2p_star.o
                0x0000d4e8                MiApp_StartConnection
 .text.MiApp_EstablishConnection
                0x0000d5a8      0x128 build/Release/production/_ext/1484681269/miwi_p2p_star.o
                0x0000d5a8                MiApp_EstablishConnection
 .text.MiApp_SubscribeDataIndicationCallback
                0x0000d6d0       0x14 build/Release/production/_ext/1484681269/miwi_p2p_star.o
                0x0000d6d0                MiApp_SubscribeDataIndicationCallback
 .text.MiApp_SendData
                0x0000d6e4      0x1b8 build/Release/production/_ext/1484681269/miwi_p2p_star.o
                0x0000d6e4                MiApp_SendData
 .text.AddConnection
                0x0000d89c      0x3a0 build/Release/production/_ext/1484681269/miwi_p2p_star.o
                0x0000d89c                AddConnection
 .text.isSameAddress
                0x0000dc3c       0x4c build/Release/production/_ext/1484681269/miwi_p2p_star.o
                0x0000dc3c                isSameAddress
 .text.P2PTasks
                0x0000dc88      0x914 build/Release/production/_ext/1484681269/miwi_p2p_star.o
                0x0000dc88                P2PTasks
 .text.MiMem_Alloc
                0x0000e59c       0xc8 build/Release/production/_ext/1247473316/mimem.o
                0x0000e59c                MiMem_Alloc
 .text.MiMem_Free
                0x0000e664       0x74 build/Release/production/_ext/1247473316/mimem.o
                0x0000e664                MiMem_Free
 .text.miQueueInit
                0x0000e6d8        0xc build/Release/production/_ext/1247473316/miqueue.o
                0x0000e6d8                miQueueInit
 .text.miQueueAppend
                0x0000e6e4       0x38 build/Release/production/_ext/1247473316/miqueue.o
                0x0000e6e4                miQueueAppend
 .text.miQueueRemove
                0x0000e71c       0x98 build/Release/production/_ext/1247473316/miqueue.o
                0x0000e71c                miQueueRemove
 .text.SYS_HwExpiry_Cb
                0x0000e7b4       0x20 build/Release/production/_ext/1247473316/sysTimer.o
 .text.SYS_HwOverflow_Cb
                0x0000e7d4       0x24 build/Release/production/_ext/1247473316/sysTimer.o
 .text.SYS_TimerInit
                0x0000e7f8       0x58 build/Release/production/_ext/1247473316/sysTimer.o
                0x0000e7f8                SYS_TimerInit
 .text.SYS_TimerStart
                0x0000e850       0x5c build/Release/production/_ext/1247473316/sysTimer.o
                0x0000e850                SYS_TimerStart
 .text.SYS_TimerStop
                0x0000e8ac       0x3c build/Release/production/_ext/1247473316/sysTimer.o
                0x0000e8ac                SYS_TimerStop
 .text.SYS_TimerStarted
                0x0000e8e8       0x1c build/Release/production/_ext/1247473316/sysTimer.o
                0x0000e8e8                SYS_TimerStarted
 .text.SYS_TimerTaskHandler
                0x0000e904       0xc8 build/Release/production/_ext/1247473316/sysTimer.o
                0x0000e904                SYS_TimerTaskHandler
 .text.MiWi_TickGet
                0x0000e9cc       0x48 build/Release/production/_ext/1247473316/sysTimer.o
                0x0000e9cc                MiWi_TickGet
 .text.MiWi_TickGetDiff
                0x0000ea14        0xc build/Release/production/_ext/1247473316/sysTimer.o
                0x0000ea14                MiWi_TickGetDiff
 .text.tc_cca_callback
                0x0000ea20        0xc build/Release/production/_ext/294023502/hw_timer.o
 .text.tc_ovf_callback
                0x0000ea2c        0xc build/Release/production/_ext/294023502/hw_timer.o
 .text.tmr_read_count
                0x0000ea38       0x14 build/Release/production/_ext/294023502/hw_timer.o
                0x0000ea38                tmr_read_count
 .text.tmr_disable_cc_interrupt
                0x0000ea4c       0x14 build/Release/production/_ext/294023502/hw_timer.o
                0x0000ea4c                tmr_disable_cc_interrupt
 .text.tmr_enable_cc_interrupt
                0x0000ea60       0x40 build/Release/production/_ext/294023502/hw_timer.o
                0x0000ea60                tmr_enable_cc_interrupt
 .text.tmr_write_cmpreg
                0x0000eaa0       0x18 build/Release/production/_ext/294023502/hw_timer.o
                0x0000eaa0                tmr_write_cmpreg
 .text.tmr_init
                0x0000eab8      0x10c build/Release/production/_ext/294023502/hw_timer.o
                0x0000eab8                tmr_init
 .text.edbg_eui_read_eui64
                0x0000ebc4      0x178 build/Release/production/_ext/744499385/edbg-eui.o
                0x0000ebc4                edbg_eui_read_eui64
 .text.nvm_init
                0x0000ed3c       0x38 build/Release/production/_ext/1691084554/sam_nvm.o
                0x0000ed3c                nvm_init
 .text.sal_aes_setup
                0x0000ed74      0x17c build/Release/production/_ext/1592874582/sal.o
                0x0000ed74                sal_aes_setup
 .text.sal_aes_wrrd
                0x0000eef0       0x74 build/Release/production/_ext/1592874582/sal.o
                0x0000eef0                sal_aes_wrrd
 .text.sal_aes_read
                0x0000ef64       0x14 build/Release/production/_ext/1592874582/sal.o
                0x0000ef64                sal_aes_read
 .text.AT86RFX_ISR
                0x0000ef78       0x1c build/Release/production/_ext/1248978276/trx_access.o
                0x0000ef78                AT86RFX_ISR
 .text.trx_spi_init
                0x0000ef94      0x11c build/Release/production/_ext/1248978276/trx_access.o
                0x0000ef94                trx_spi_init
 .text.PhyReset
                0x0000f0b0       0x30 build/Release/production/_ext/1248978276/trx_access.o
                0x0000f0b0                PhyReset
 .text.trx_reg_read
                0x0000f0e0       0xfc build/Release/production/_ext/1248978276/trx_access.o
                0x0000f0e0                trx_reg_read
 .text.trx_reg_write
                0x0000f1dc      0x10c build/Release/production/_ext/1248978276/trx_access.o
                0x0000f1dc                trx_reg_write
 .text.trx_frame_read
                0x0000f2e8      0x13c build/Release/production/_ext/1248978276/trx_access.o
                0x0000f2e8                trx_frame_read
 .text.trx_frame_write
                0x0000f424      0x13c build/Release/production/_ext/1248978276/trx_access.o
                0x0000f424                trx_frame_write
 .text.trx_sram_write
                0x0000f560      0x188 build/Release/production/_ext/1248978276/trx_access.o
                0x0000f560                trx_sram_write
 .text.trx_sram_read
                0x0000f6e8      0x190 build/Release/production/_ext/1248978276/trx_access.o
                0x0000f6e8                trx_sram_read
 .text.trx_aes_wrrd
                0x0000f878      0x21c build/Release/production/_ext/1248978276/trx_access.o
                0x0000f878                trx_aes_wrrd
 .text.DemoOutput_Greeting
                0x0000fa94       0x50 build/Release/production/_ext/1360937237/demo_output.o
                0x0000fa94                DemoOutput_Greeting
 .text.demo_output_freezer_options
                0x0000fae4        0x4 build/Release/production/_ext/1360937237/demo_output.o
                0x0000fae4                demo_output_freezer_options
 .text.DemoOutput_Channel
                0x0000fae8       0x38 build/Release/production/_ext/1360937237/demo_output.o
                0x0000fae8                DemoOutput_Channel
 .text.DemoOutput_Instruction
                0x0000fb20        0x4 build/Release/production/_ext/1360937237/demo_output.o
                0x0000fb20                DemoOutput_Instruction
 .text.DemoOutput_HandleMessage
                0x0000fb24       0xd0 build/Release/production/_ext/1360937237/demo_output.o
                0x0000fb24                DemoOutput_HandleMessage
 .text.DemoOutput_UpdateTxRx
                0x0000fbf4        0x4 build/Release/production/_ext/1360937237/demo_output.o
                0x0000fbf4                DemoOutput_UpdateTxRx
 .text.DemoOutput_ChannelError
                0x0000fbf8       0x2c build/Release/production/_ext/1360937237/demo_output.o
                0x0000fbf8                DemoOutput_ChannelError
 .text.DemoOutput_UnicastFail
                0x0000fc24       0x14 build/Release/production/_ext/1360937237/demo_output.o
                0x0000fc24                DemoOutput_UnicastFail
 .text.ButtonPressed
                0x0000fc38       0x5c build/Release/production/_ext/1360937237/demo_output.o
                0x0000fc38                ButtonPressed
 .text.ReadMacAddress
                0x0000fc94       0x34 build/Release/production/_ext/1360937237/main.o
                0x0000fc94                ReadMacAddress
 .text.startup.main
                0x0000fcc8       0x7c build/Release/production/_ext/1360937237/main.o
                0x0000fcc8                main
 .text.dataConfcb
                0x0000fd44       0x38 build/Release/production/_ext/1360937237/p2p_demo.o
 .text.run_p2p_demo
                0x0000fd7c      0x198 build/Release/production/_ext/1360937237/p2p_demo.o
                0x0000fd7c                run_p2p_demo
 .text.ReceivedDataIndication
                0x0000ff14       0x40 build/Release/production/_ext/1360937237/p2p_demo.o
                0x0000ff14                ReceivedDataIndication
 .text.Connection_Confirm
                0x0000ff54      0x180 build/Release/production/_ext/1360937237/task.o
 .text.freezer_feature
                0x000100d4       0x38 build/Release/production/_ext/1360937237/task.o
                0x000100d4                freezer_feature
 .text.Initialize_Demo
                0x0001010c      0x160 build/Release/production/_ext/1360937237/task.o
                0x0001010c                Initialize_Demo
 .text.Run_Demo
                0x0001026c       0x1c build/Release/production/_ext/1360937237/task.o
                0x0001026c                Run_Demo
 .text.common_tc_read_count
                0x00010288       0x4c ../src/ASF/thirdparty/wireless/services/common_hw_timer/sam0/lib\libsam0_lib_hw_timer.a(common_hw_timer.o)
                0x00010288                common_tc_read_count
 .text.common_tc_delay
                0x000102d4       0x6c ../src/ASF/thirdparty/wireless/services/common_hw_timer/sam0/lib\libsam0_lib_hw_timer.a(common_hw_timer.o)
                0x000102d4                common_tc_delay
 .text.common_tc_init
                0x00010340       0x20 ../src/ASF/thirdparty/wireless/services/common_hw_timer/sam0/lib\libsam0_lib_hw_timer.a(common_hw_timer.o)
                0x00010340                common_tc_init
 .text.tmr_ovf_callback
                0x00010360       0x48 ../src/ASF/thirdparty/wireless/services/common_hw_timer/sam0/lib\libsam0_lib_hw_timer.a(common_hw_timer.o)
                0x00010360                tmr_ovf_callback
 .text.tmr_cca_callback
                0x000103a8       0x1c ../src/ASF/thirdparty/wireless/services/common_hw_timer/sam0/lib\libsam0_lib_hw_timer.a(common_hw_timer.o)
                0x000103a8                tmr_cca_callback
 .text.set_common_tc_overflow_callback
                0x000103c4        0xc ../src/ASF/thirdparty/wireless/services/common_hw_timer/sam0/lib\libsam0_lib_hw_timer.a(common_hw_timer.o)
                0x000103c4                set_common_tc_overflow_callback
 .text.set_common_tc_expiry_callback
                0x000103d0        0xc ../src/ASF/thirdparty/wireless/services/common_hw_timer/sam0/lib\libsam0_lib_hw_timer.a(common_hw_timer.o)
                0x000103d0                set_common_tc_expiry_callback
 .text          0x000103dc      0x114 c:/program files (x86)/atmel/studio/7.0/toolchain/arm/arm-gnu-toolchain/bin/../lib/gcc/arm-none-eabi/6.3.1/thumb/v6-m\libgcc.a(_udivsi3.o)
                0x000103dc                __aeabi_uidiv
                0x000103dc                __udivsi3
                0x000104e8                __aeabi_uidivmod
 .text          0x000104f0      0x1d4 c:/program files (x86)/atmel/studio/7.0/toolchain/arm/arm-gnu-toolchain/bin/../lib/gcc/arm-none-eabi/6.3.1/thumb/v6-m\libgcc.a(_divsi3.o)
                0x000104f0                __divsi3
                0x000104f0                __aeabi_idiv
                0x000106bc                __aeabi_idivmod
 .text          0x000106c4        0x4 c:/program files (x86)/atmel/studio/7.0/toolchain/arm/arm-gnu-toolchain/bin/../lib/gcc/arm-none-eabi/6.3.1/thumb/v6-m\libgcc.a(_dvmd_tls.o)
                0x000106c4                __aeabi_idiv0
                0x000106c4                __aeabi_ldiv0
 .text          0x000106c8       0x74 c:/program files (x86)/atmel/studio/7.0/toolchain/arm/arm-gnu-toolchain/bin/../lib/gcc/arm-none-eabi/6.3.1/thumb/v6-m\libgcc.a(_arm_cmpsf2.o)
                0x000106c8                __aeabi_cfrcmple
                0x000106d0                __aeabi_cfcmpeq
                0x000106d0                __aeabi_cfcmple
                0x000106e0                __aeabi_fcmpeq
                0x000106ec                __aeabi_fcmplt
                0x00010700                __aeabi_fcmple
                0x00010714                __aeabi_fcmpgt
                0x00010728                __aeabi_fcmpge
 .text          0x0001073c       0x54 c:/program files (x86)/atmel/studio/7.0/toolchain/arm/arm-gnu-toolchain/bin/../lib/gcc/arm-none-eabi/6.3.1/thumb/v6-m\libgcc.a(_muldi3.o)
                0x0001073c                __muldi3
                0x0001073c                __aeabi_lmul
 .text          0x00010790       0x30 c:/program files (x86)/atmel/studio/7.0/toolchain/arm/arm-gnu-toolchain/bin/../lib/gcc/arm-none-eabi/6.3.1/thumb/v6-m\libgcc.a(_fixunssfsi.o)
                0x00010790                __fixunssfsi
                0x00010790                __aeabi_f2uiz
 .text          0x000107c0      0x324 c:/program files (x86)/atmel/studio/7.0/toolchain/arm/arm-gnu-toolchain/bin/../lib/gcc/arm-none-eabi/6.3.1/thumb/v6-m\libgcc.a(addsf3.o)
                0x000107c0                __aeabi_fadd
 .text          0x00010ae4      0x290 c:/program files (x86)/atmel/studio/7.0/toolchain/arm/arm-gnu-toolchain/bin/../lib/gcc/arm-none-eabi/6.3.1/thumb/v6-m\libgcc.a(divsf3.o)
                0x00010ae4                __aeabi_fdiv
 .text          0x00010d74       0x4c c:/program files (x86)/atmel/studio/7.0/toolchain/arm/arm-gnu-toolchain/bin/../lib/gcc/arm-none-eabi/6.3.1/thumb/v6-m\libgcc.a(eqsf2.o)
                0x00010d74                __eqsf2
                0x00010d74                __nesf2
 .text          0x00010dc0       0x80 c:/program files (x86)/atmel/studio/7.0/toolchain/arm/arm-gnu-toolchain/bin/../lib/gcc/arm-none-eabi/6.3.1/thumb/v6-m\libgcc.a(gesf2.o)
                0x00010dc0                __gesf2
                0x00010dc0                __gtsf2
 .text          0x00010e40       0x84 c:/program files (x86)/atmel/studio/7.0/toolchain/arm/arm-gnu-toolchain/bin/../lib/gcc/arm-none-eabi/6.3.1/thumb/v6-m\libgcc.a(lesf2.o)
                0x00010e40                __ltsf2
                0x00010e40                __lesf2
 .text          0x00010ec4      0x338 c:/program files (x86)/atmel/studio/7.0/toolchain/arm/arm-gnu-toolchain/bin/../lib/gcc/arm-none-eabi/6.3.1/thumb/v6-m\libgcc.a(subsf3.o)
                0x00010ec4                __aeabi_fsub
 .text          0x000111fc       0x40 c:/program files (x86)/atmel/studio/7.0/toolchain/arm/arm-gnu-toolchain/bin/../lib/gcc/arm-none-eabi/6.3.1/thumb/v6-m\libgcc.a(fixsfsi.o)
                0x000111fc                __aeabi_f2iz
 .text          0x0001123c       0x8c c:/program files (x86)/atmel/studio/7.0/toolchain/arm/arm-gnu-toolchain/bin/../lib/gcc/arm-none-eabi/6.3.1/thumb/v6-m\libgcc.a(floatunsisf.o)
                0x0001123c                __aeabi_ui2f
 .text          0x000112c8      0x620 c:/program files (x86)/atmel/studio/7.0/toolchain/arm/arm-gnu-toolchain/bin/../lib/gcc/arm-none-eabi/6.3.1/thumb/v6-m\libgcc.a(adddf3.o)
                0x000112c8                __aeabi_dadd
 .text          0x000118e8      0x668 c:/program files (x86)/atmel/studio/7.0/toolchain/arm/arm-gnu-toolchain/bin/../lib/gcc/arm-none-eabi/6.3.1/thumb/v6-m\libgcc.a(divdf3.o)
                0x000118e8                __aeabi_ddiv
 .text          0x00011f50      0x500 c:/program files (x86)/atmel/studio/7.0/toolchain/arm/arm-gnu-toolchain/bin/../lib/gcc/arm-none-eabi/6.3.1/thumb/v6-m\libgcc.a(muldf3.o)
                0x00011f50                __aeabi_dmul
 .text          0x00012450      0x62c c:/program files (x86)/atmel/studio/7.0/toolchain/arm/arm-gnu-toolchain/bin/../lib/gcc/arm-none-eabi/6.3.1/thumb/v6-m\libgcc.a(subdf3.o)
                0x00012450                __aeabi_dsub
 .text          0x00012a7c       0x68 c:/program files (x86)/atmel/studio/7.0/toolchain/arm/arm-gnu-toolchain/bin/../lib/gcc/arm-none-eabi/6.3.1/thumb/v6-m\libgcc.a(fixdfsi.o)
                0x00012a7c                __aeabi_d2iz
 .text          0x00012ae4       0x70 c:/program files (x86)/atmel/studio/7.0/toolchain/arm/arm-gnu-toolchain/bin/../lib/gcc/arm-none-eabi/6.3.1/thumb/v6-m\libgcc.a(floatunsidf.o)
                0x00012ae4                __aeabi_ui2d
 .text          0x00012b54       0x3c c:/program files (x86)/atmel/studio/7.0/toolchain/arm/arm-gnu-toolchain/bin/../lib/gcc/arm-none-eabi/6.3.1/thumb/v6-m\libgcc.a(_clzsi2.o)
                0x00012b54                __clzsi2
 .text.__libc_init_array
                0x00012b90       0x48 c:/program files (x86)/atmel/studio/7.0/toolchain/arm/arm-gnu-toolchain/bin/../lib/gcc/arm-none-eabi/6.3.1/../../../../arm-none-eabi/lib/thumb/v6-m\libc_nano.a(lib_a-init.o)
                0x00012b90                __libc_init_array
 .text.memcmp   0x00012bd8       0x1e c:/program files (x86)/atmel/studio/7.0/toolchain/arm/arm-gnu-toolchain/bin/../lib/gcc/arm-none-eabi/6.3.1/../../../../arm-none-eabi/lib/thumb/v6-m\libc_nano.a(lib_a-memcmp.o)
                0x00012bd8                memcmp
 .text.memcpy   0x00012bf6       0x12 c:/program files (x86)/atmel/studio/7.0/toolchain/arm/arm-gnu-toolchain/bin/../lib/gcc/arm-none-eabi/6.3.1/../../../../arm-none-eabi/lib/thumb/v6-m\libc_nano.a(lib_a-memcpy-stub.o)
                0x00012bf6                memcpy
 .text.memset   0x00012c08       0x10 c:/program files (x86)/atmel/studio/7.0/toolchain/arm/arm-gnu-toolchain/bin/../lib/gcc/arm-none-eabi/6.3.1/../../../../arm-none-eabi/lib/thumb/v6-m\libc_nano.a(lib_a-memset.o)
                0x00012c08                memset
 .text.printf   0x00012c18       0x34 c:/program files (x86)/atmel/studio/7.0/toolchain/arm/arm-gnu-toolchain/bin/../lib/gcc/arm-none-eabi/6.3.1/../../../../arm-none-eabi/lib/thumb/v6-m\libc_nano.a(lib_a-printf.o)
                0x00012c18                iprintf
                0x00012c18                printf
 .text._puts_r  0x00012c4c       0xc0 c:/program files (x86)/atmel/studio/7.0/toolchain/arm/arm-gnu-toolchain/bin/../lib/gcc/arm-none-eabi/6.3.1/../../../../arm-none-eabi/lib/thumb/v6-m\libc_nano.a(lib_a-puts.o)
                0x00012c4c                _puts_r
 .text.puts     0x00012d0c       0x14 c:/program files (x86)/atmel/studio/7.0/toolchain/arm/arm-gnu-toolchain/bin/../lib/gcc/arm-none-eabi/6.3.1/../../../../arm-none-eabi/lib/thumb/v6-m\libc_nano.a(lib_a-puts.o)
                0x00012d0c                puts
 .text.srand    0x00012d20       0x5c c:/program files (x86)/atmel/studio/7.0/toolchain/arm/arm-gnu-toolchain/bin/../lib/gcc/arm-none-eabi/6.3.1/../../../../arm-none-eabi/lib/thumb/v6-m\libc_nano.a(lib_a-rand.o)
                0x00012d20                srand
 .text.rand     0x00012d7c       0x78 c:/program files (x86)/atmel/studio/7.0/toolchain/arm/arm-gnu-toolchain/bin/../lib/gcc/arm-none-eabi/6.3.1/../../../../arm-none-eabi/lib/thumb/v6-m\libc_nano.a(lib_a-rand.o)
                0x00012d7c                rand
 .text.setbuf   0x00012df4       0x12 c:/program files (x86)/atmel/studio/7.0/toolchain/arm/arm-gnu-toolchain/bin/../lib/gcc/arm-none-eabi/6.3.1/../../../../arm-none-eabi/lib/thumb/v6-m\libc_nano.a(lib_a-setbuf.o)
                0x00012df4                setbuf
 *fill*         0x00012e06        0x2 ffffffff
 .text.setvbuf  0x00012e08      0x158 c:/program files (x86)/atmel/studio/7.0/toolchain/arm/arm-gnu-toolchain/bin/../lib/gcc/arm-none-eabi/6.3.1/../../../../arm-none-eabi/lib/thumb/v6-m\libc_nano.a(lib_a-setvbuf.o)
                0x00012e08                setvbuf
 .text.__swbuf_r
                0x00012f60       0xac c:/program files (x86)/atmel/studio/7.0/toolchain/arm/arm-gnu-toolchain/bin/../lib/gcc/arm-none-eabi/6.3.1/../../../../arm-none-eabi/lib/thumb/v6-m\libc_nano.a(lib_a-wbuf.o)
                0x00012f60                __swbuf_r
 .text.__swsetup_r
                0x0001300c       0xec c:/program files (x86)/atmel/studio/7.0/toolchain/arm/arm-gnu-toolchain/bin/../lib/gcc/arm-none-eabi/6.3.1/../../../../arm-none-eabi/lib/thumb/v6-m\libc_nano.a(lib_a-wsetup.o)
                0x0001300c                __swsetup_r
 .text.__sflush_r
                0x000130f8      0x114 c:/program files (x86)/atmel/studio/7.0/toolchain/arm/arm-gnu-toolchain/bin/../lib/gcc/arm-none-eabi/6.3.1/../../../../arm-none-eabi/lib/thumb/v6-m\libc_nano.a(lib_a-fflush.o)
                0x000130f8                __sflush_r
 .text._fflush_r
                0x0001320c       0x58 c:/program files (x86)/atmel/studio/7.0/toolchain/arm/arm-gnu-toolchain/bin/../lib/gcc/arm-none-eabi/6.3.1/../../../../arm-none-eabi/lib/thumb/v6-m\libc_nano.a(lib_a-fflush.o)
                0x0001320c                _fflush_r
 .text._cleanup_r
                0x00013264       0x10 c:/program files (x86)/atmel/studio/7.0/toolchain/arm/arm-gnu-toolchain/bin/../lib/gcc/arm-none-eabi/6.3.1/../../../../arm-none-eabi/lib/thumb/v6-m\libc_nano.a(lib_a-findfp.o)
                0x00013264                _cleanup_r
 .text.std.isra.0
                0x00013274       0x48 c:/program files (x86)/atmel/studio/7.0/toolchain/arm/arm-gnu-toolchain/bin/../lib/gcc/arm-none-eabi/6.3.1/../../../../arm-none-eabi/lib/thumb/v6-m\libc_nano.a(lib_a-findfp.o)
 .text.__sfmoreglue
                0x000132bc       0x2c c:/program files (x86)/atmel/studio/7.0/toolchain/arm/arm-gnu-toolchain/bin/../lib/gcc/arm-none-eabi/6.3.1/../../../../arm-none-eabi/lib/thumb/v6-m\libc_nano.a(lib_a-findfp.o)
                0x000132bc                __sfmoreglue
 .text.__sinit  0x000132e8       0x68 c:/program files (x86)/atmel/studio/7.0/toolchain/arm/arm-gnu-toolchain/bin/../lib/gcc/arm-none-eabi/6.3.1/../../../../arm-none-eabi/lib/thumb/v6-m\libc_nano.a(lib_a-findfp.o)
                0x000132e8                __sinit
 .text.__sfp    0x00013350       0x80 c:/program files (x86)/atmel/studio/7.0/toolchain/arm/arm-gnu-toolchain/bin/../lib/gcc/arm-none-eabi/6.3.1/../../../../arm-none-eabi/lib/thumb/v6-m\libc_nano.a(lib_a-findfp.o)
                0x00013350                __sfp
 .text._fwalk_reent
                0x000133d0       0x42 c:/program files (x86)/atmel/studio/7.0/toolchain/arm/arm-gnu-toolchain/bin/../lib/gcc/arm-none-eabi/6.3.1/../../../../arm-none-eabi/lib/thumb/v6-m\libc_nano.a(lib_a-fwalk.o)
                0x000133d0                _fwalk_reent
 *fill*         0x00013412        0x2 ffffffff
 .text.__swhatbuf_r
                0x00013414       0x50 c:/program files (x86)/atmel/studio/7.0/toolchain/arm/arm-gnu-toolchain/bin/../lib/gcc/arm-none-eabi/6.3.1/../../../../arm-none-eabi/lib/thumb/v6-m\libc_nano.a(lib_a-makebuf.o)
                0x00013414                __swhatbuf_r
 .text.__smakebuf_r
                0x00013464       0x88 c:/program files (x86)/atmel/studio/7.0/toolchain/arm/arm-gnu-toolchain/bin/../lib/gcc/arm-none-eabi/6.3.1/../../../../arm-none-eabi/lib/thumb/v6-m\libc_nano.a(lib_a-makebuf.o)
                0x00013464                __smakebuf_r
 .text.malloc   0x000134ec       0x14 c:/program files (x86)/atmel/studio/7.0/toolchain/arm/arm-gnu-toolchain/bin/../lib/gcc/arm-none-eabi/6.3.1/../../../../arm-none-eabi/lib/thumb/v6-m\libc_nano.a(lib_a-malloc.o)
                0x000134ec                malloc
 .text._free_r  0x00013500       0x94 c:/program files (x86)/atmel/studio/7.0/toolchain/arm/arm-gnu-toolchain/bin/../lib/gcc/arm-none-eabi/6.3.1/../../../../arm-none-eabi/lib/thumb/v6-m\libc_nano.a(lib_a-nano-freer.o)
                0x00013500                _free_r
 .text._malloc_r
                0x00013594       0xbc c:/program files (x86)/atmel/studio/7.0/toolchain/arm/arm-gnu-toolchain/bin/../lib/gcc/arm-none-eabi/6.3.1/../../../../arm-none-eabi/lib/thumb/v6-m\libc_nano.a(lib_a-nano-mallocr.o)
                0x00013594                _malloc_r
 .text.__sfputc_r
                0x00013650       0x2a c:/program files (x86)/atmel/studio/7.0/toolchain/arm/arm-gnu-toolchain/bin/../lib/gcc/arm-none-eabi/6.3.1/../../../../arm-none-eabi/lib/thumb/v6-m\libc_nano.a(lib_a-nano-vfprintf.o)
 .text.__sfputs_r
                0x0001367a       0x24 c:/program files (x86)/atmel/studio/7.0/toolchain/arm/arm-gnu-toolchain/bin/../lib/gcc/arm-none-eabi/6.3.1/../../../../arm-none-eabi/lib/thumb/v6-m\libc_nano.a(lib_a-nano-vfprintf.o)
                0x0001367a                __sfputs_r
 *fill*         0x0001369e        0x2 ffffffff
 .text._vfprintf_r
                0x000136a0      0x238 c:/program files (x86)/atmel/studio/7.0/toolchain/arm/arm-gnu-toolchain/bin/../lib/gcc/arm-none-eabi/6.3.1/../../../../arm-none-eabi/lib/thumb/v6-m\libc_nano.a(lib_a-nano-vfprintf.o)
                0x000136a0                _vfprintf_r
                0x000136a0                _vfiprintf_r
 .text._printf_common
                0x000138d8       0xda c:/program files (x86)/atmel/studio/7.0/toolchain/arm/arm-gnu-toolchain/bin/../lib/gcc/arm-none-eabi/6.3.1/../../../../arm-none-eabi/lib/thumb/v6-m\libc_nano.a(lib_a-nano-vfprintf_i.o)
                0x000138d8                _printf_common
 *fill*         0x000139b2        0x2 ffffffff
 .text._printf_i
                0x000139b4      0x234 c:/program files (x86)/atmel/studio/7.0/toolchain/arm/arm-gnu-toolchain/bin/../lib/gcc/arm-none-eabi/6.3.1/../../../../arm-none-eabi/lib/thumb/v6-m\libc_nano.a(lib_a-nano-vfprintf_i.o)
                0x000139b4                _printf_i
 .text._sbrk_r  0x00013be8       0x24 c:/program files (x86)/atmel/studio/7.0/toolchain/arm/arm-gnu-toolchain/bin/../lib/gcc/arm-none-eabi/6.3.1/../../../../arm-none-eabi/lib/thumb/v6-m\libc_nano.a(lib_a-sbrkr.o)
                0x00013be8                _sbrk_r
 .text.__sread  0x00013c0c       0x28 c:/program files (x86)/atmel/studio/7.0/toolchain/arm/arm-gnu-toolchain/bin/../lib/gcc/arm-none-eabi/6.3.1/../../../../arm-none-eabi/lib/thumb/v6-m\libc_nano.a(lib_a-stdio.o)
                0x00013c0c                __sread
 .text.__swrite
                0x00013c34       0x38 c:/program files (x86)/atmel/studio/7.0/toolchain/arm/arm-gnu-toolchain/bin/../lib/gcc/arm-none-eabi/6.3.1/../../../../arm-none-eabi/lib/thumb/v6-m\libc_nano.a(lib_a-stdio.o)
                0x00013c34                __swrite
 .text.__sseek  0x00013c6c       0x2c c:/program files (x86)/atmel/studio/7.0/toolchain/arm/arm-gnu-toolchain/bin/../lib/gcc/arm-none-eabi/6.3.1/../../../../arm-none-eabi/lib/thumb/v6-m\libc_nano.a(lib_a-stdio.o)
                0x00013c6c                __sseek
 .text.__sclose
                0x00013c98        0xc c:/program files (x86)/atmel/studio/7.0/toolchain/arm/arm-gnu-toolchain/bin/../lib/gcc/arm-none-eabi/6.3.1/../../../../arm-none-eabi/lib/thumb/v6-m\libc_nano.a(lib_a-stdio.o)
                0x00013c98                __sclose
 .text._write_r
                0x00013ca4       0x28 c:/program files (x86)/atmel/studio/7.0/toolchain/arm/arm-gnu-toolchain/bin/../lib/gcc/arm-none-eabi/6.3.1/../../../../arm-none-eabi/lib/thumb/v6-m\libc_nano.a(lib_a-writer.o)
                0x00013ca4                _write_r
 .text._close_r
                0x00013ccc       0x24 c:/program files (x86)/atmel/studio/7.0/toolchain/arm/arm-gnu-toolchain/bin/../lib/gcc/arm-none-eabi/6.3.1/../../../../arm-none-eabi/lib/thumb/v6-m\libc_nano.a(lib_a-closer.o)
                0x00013ccc                _close_r
 .text._fstat_r
                0x00013cf0       0x24 c:/program files (x86)/atmel/studio/7.0/toolchain/arm/arm-gnu-toolchain/bin/../lib/gcc/arm-none-eabi/6.3.1/../../../../arm-none-eabi/lib/thumb/v6-m\libc_nano.a(lib_a-fstatr.o)
                0x00013cf0                _fstat_r
 .text._isatty_r
                0x00013d14       0x24 c:/program files (x86)/atmel/studio/7.0/toolchain/arm/arm-gnu-toolchain/bin/../lib/gcc/arm-none-eabi/6.3.1/../../../../arm-none-eabi/lib/thumb/v6-m\libc_nano.a(lib_a-isattyr.o)
                0x00013d14                _isatty_r
 .text._lseek_r
                0x00013d38       0x28 c:/program files (x86)/atmel/studio/7.0/toolchain/arm/arm-gnu-toolchain/bin/../lib/gcc/arm-none-eabi/6.3.1/../../../../arm-none-eabi/lib/thumb/v6-m\libc_nano.a(lib_a-lseekr.o)
                0x00013d38                _lseek_r
 .text.memchr   0x00013d60       0x16 c:/program files (x86)/atmel/studio/7.0/toolchain/arm/arm-gnu-toolchain/bin/../lib/gcc/arm-none-eabi/6.3.1/../../../../arm-none-eabi/lib/thumb/v6-m\libc_nano.a(lib_a-memchr-stub.o)
                0x00013d60                memchr
 .text.__malloc_lock
                0x00013d76        0x2 c:/program files (x86)/atmel/studio/7.0/toolchain/arm/arm-gnu-toolchain/bin/../lib/gcc/arm-none-eabi/6.3.1/../../../../arm-none-eabi/lib/thumb/v6-m\libc_nano.a(lib_a-mlock.o)
                0x00013d76                __malloc_lock
 .text.__malloc_unlock
                0x00013d78        0x2 c:/program files (x86)/atmel/studio/7.0/toolchain/arm/arm-gnu-toolchain/bin/../lib/gcc/arm-none-eabi/6.3.1/../../../../arm-none-eabi/lib/thumb/v6-m\libc_nano.a(lib_a-mlock.o)
                0x00013d78                __malloc_unlock
 *fill*         0x00013d7a        0x2 ffffffff
 .text._read_r  0x00013d7c       0x28 c:/program files (x86)/atmel/studio/7.0/toolchain/arm/arm-gnu-toolchain/bin/../lib/gcc/arm-none-eabi/6.3.1/../../../../arm-none-eabi/lib/thumb/v6-m\libc_nano.a(lib_a-readr.o)
                0x00013d7c                _read_r
 *(.glue_7t)
 .glue_7t       0x00013da4        0x0 linker stubs
 *(.glue_7)
 .glue_7        0x00013da4        0x0 linker stubs
 *(.rodata .rodata* .gnu.linkonce.r.*)
 .rodata        0x00013da4       0x18 build/Release/production/_ext/246296370/sercom.o
 .rodata.system_clock_source_get_hz
                0x00013dbc       0x24 build/Release/production/_ext/1900123450/clock.o
 .rodata        0x00013de0        0xc build/Release/production/_ext/1281927709/tc.o
 .rodata.WriteDataBlockAndHeader.cst2
                0x00013dec        0x2 build/Release/production/_ext/1033996233/S_Nv-SamR21.o
 *fill*         0x00013dee        0x2 ffffffff
 .rodata.mySecurityKey
                0x00013df0       0x10 build/Release/production/_ext/519960650/mimac_at86rf.o
                0x00013df0                mySecurityKey
 .rodata.MiWiItemIdsTable
                0x00013e00        0xe build/Release/production/_ext/1484681269/miwi_p2p_pds.o
                0x00013e00                MiWiItemIdsTable
 *fill*         0x00013e0e        0x2 ffffffff
 .rodata.P2PTasks
                0x00013e10       0x5c build/Release/production/_ext/1484681269/miwi_p2p_star.o
 .rodata.tc_interrupt_vectors.11960
                0x00013e6c        0x3 build/Release/production/_ext/294023502/hw_timer.o
 *fill*         0x00013e6f        0x1 ffffffff
 .rodata        0x00013e70        0xc build/Release/production/_ext/744499385/edbg-eui.o
 .rodata.DE     0x00013e7c       0x42 build/Release/production/_ext/1360937237/demo_output.o
                0x00013e7c                DE
 *fill*         0x00013ebe        0x2 ffffffff
 .rodata.DemoOutput_Channel.str1.4
                0x00013ec0       0x41 build/Release/production/_ext/1360937237/demo_output.o
                                 0x45 (size before relaxing)
 *fill*         0x00013f01        0x3 ffffffff
 .rodata.DemoOutput_ChannelError.str1.4
                0x00013f04       0x45 build/Release/production/_ext/1360937237/demo_output.o
 *fill*         0x00013f49        0x3 ffffffff
 .rodata.DemoOutput_Greeting.str1.4
                0x00013f4c      0x180 build/Release/production/_ext/1360937237/demo_output.o
 .rodata.DemoOutput_HandleMessage.str1.4
                0x000140cc       0x5b build/Release/production/_ext/1360937237/demo_output.o
 *fill*         0x00014127        0x1 ffffffff
 .rodata.DemoOutput_UnicastFail.str1.4
                0x00014128       0x12 build/Release/production/_ext/1360937237/demo_output.o
 *fill*         0x0001413a        0x2 ffffffff
 .rodata.MiWi   0x0001413c       0x7e build/Release/production/_ext/1360937237/demo_output.o
                0x0001413c                MiWi
 *fill*         0x000141ba        0x2 ffffffff
 .rodata.Connection_Confirm.str1.4
                0x000141bc       0xa9 build/Release/production/_ext/1360937237/task.o
                                 0xbd (size before relaxing)
 *fill*         0x00014265        0x3 ffffffff
 .rodata.Initialize_Demo.str1.4
                0x00014268       0x18 build/Release/production/_ext/1360937237/task.o
                                 0x16 (size before relaxing)
 .rodata        0x00014280       0x80 c:/program files (x86)/atmel/studio/7.0/toolchain/arm/arm-gnu-toolchain/bin/../lib/gcc/arm-none-eabi/6.3.1/thumb/v6-m\libgcc.a(divsf3.o)
 .rodata        0x00014300       0x40 c:/program files (x86)/atmel/studio/7.0/toolchain/arm/arm-gnu-toolchain/bin/../lib/gcc/arm-none-eabi/6.3.1/thumb/v6-m\libgcc.a(divdf3.o)
 .rodata        0x00014340       0x40 c:/program files (x86)/atmel/studio/7.0/toolchain/arm/arm-gnu-toolchain/bin/../lib/gcc/arm-none-eabi/6.3.1/thumb/v6-m\libgcc.a(muldf3.o)
 .rodata._global_impure_ptr
                0x00014380        0x4 c:/program files (x86)/atmel/studio/7.0/toolchain/arm/arm-gnu-toolchain/bin/../lib/gcc/arm-none-eabi/6.3.1/../../../../arm-none-eabi/lib/thumb/v6-m\libc_nano.a(lib_a-impure.o)
                0x00014380                _global_impure_ptr
 .rodata.__sf_fake_stderr
                0x00014384       0x20 c:/program files (x86)/atmel/studio/7.0/toolchain/arm/arm-gnu-toolchain/bin/../lib/gcc/arm-none-eabi/6.3.1/../../../../arm-none-eabi/lib/thumb/v6-m\libc_nano.a(lib_a-findfp.o)
                0x00014384                __sf_fake_stderr
 .rodata.__sf_fake_stdin
                0x000143a4       0x20 c:/program files (x86)/atmel/studio/7.0/toolchain/arm/arm-gnu-toolchain/bin/../lib/gcc/arm-none-eabi/6.3.1/../../../../arm-none-eabi/lib/thumb/v6-m\libc_nano.a(lib_a-findfp.o)
                0x000143a4                __sf_fake_stdin
 .rodata.__sf_fake_stdout
                0x000143c4       0x20 c:/program files (x86)/atmel/studio/7.0/toolchain/arm/arm-gnu-toolchain/bin/../lib/gcc/arm-none-eabi/6.3.1/../../../../arm-none-eabi/lib/thumb/v6-m\libc_nano.a(lib_a-findfp.o)
                0x000143c4                __sf_fake_stdout
 .rodata._vfprintf_r.str1.1
                0x000143e4       0x11 c:/program files (x86)/atmel/studio/7.0/toolchain/arm/arm-gnu-toolchain/bin/../lib/gcc/arm-none-eabi/6.3.1/../../../../arm-none-eabi/lib/thumb/v6-m\libc_nano.a(lib_a-nano-vfprintf.o)
 .rodata._printf_i.str1.1
                0x000143f5       0x22 c:/program files (x86)/atmel/studio/7.0/toolchain/arm/arm-gnu-toolchain/bin/../lib/gcc/arm-none-eabi/6.3.1/../../../../arm-none-eabi/lib/thumb/v6-m\libc_nano.a(lib_a-nano-vfprintf_i.o)
 *(.ARM.extab* .gnu.linkonce.armextab.*)
                0x00014418                . = ALIGN (0x4)
 *fill*         0x00014417        0x1 ffffffff
 *(.init)
 .init          0x00014418        0x4 c:/program files (x86)/atmel/studio/7.0/toolchain/arm/arm-gnu-toolchain/bin/../lib/gcc/arm-none-eabi/6.3.1/thumb/v6-m/crti.o
                0x00014418                _init
 .init          0x0001441c        0x8 c:/program files (x86)/atmel/studio/7.0/toolchain/arm/arm-gnu-toolchain/bin/../lib/gcc/arm-none-eabi/6.3.1/thumb/v6-m/crtn.o
                0x00014424                . = ALIGN (0x4)
                0x00014424                __preinit_array_start = .
 *(.preinit_array)
                0x00014424                __preinit_array_end = .
                0x00014424                . = ALIGN (0x4)
                0x00014424                __init_array_start = .
 *(SORT(.init_array.*))
 *(.init_array)
 .init_array    0x00014424        0x4 c:/program files (x86)/atmel/studio/7.0/toolchain/arm/arm-gnu-toolchain/bin/../lib/gcc/arm-none-eabi/6.3.1/thumb/v6-m/crtbegin.o
                0x00014428                __init_array_end = .
                0x00014428                . = ALIGN (0x4)
 *crtbegin.o(.ctors)
 *(EXCLUDE_FILE(*crtend.o) .ctors)
 *(SORT(.ctors.*))
 *crtend.o(.ctors)
                0x00014428                . = ALIGN (0x4)
 *(.fini)
 .fini          0x00014428        0x4 c:/program files (x86)/atmel/studio/7.0/toolchain/arm/arm-gnu-toolchain/bin/../lib/gcc/arm-none-eabi/6.3.1/thumb/v6-m/crti.o
                0x00014428                _fini
 .fini          0x0001442c        0x8 c:/program files (x86)/atmel/studio/7.0/toolchain/arm/arm-gnu-toolchain/bin/../lib/gcc/arm-none-eabi/6.3.1/thumb/v6-m/crtn.o
                0x00014434                . = ALIGN (0x4)
                0x00014434                __fini_array_start = .
 *(.fini_array)
 .fini_array    0x00014434        0x4 c:/program files (x86)/atmel/studio/7.0/toolchain/arm/arm-gnu-toolchain/bin/../lib/gcc/arm-none-eabi/6.3.1/thumb/v6-m/crtbegin.o
 *(SORT(.fini_array.*))
                0x00014438                __fini_array_end = .
 *crtbegin.o(.dtors)
 *(EXCLUDE_FILE(*crtend.o) .dtors)
 *(SORT(.dtors.*))
 *crtend.o(.dtors)
                0x00014438                . = ALIGN (0x4)
                0x00014438                _efixed = .
                [!provide]                PROVIDE (__exidx_start, .)

.vfp11_veneer   0x00014438        0x0
 .vfp11_veneer  0x00014438        0x0 linker stubs

.v4_bx          0x00014438        0x0
 .v4_bx         0x00014438        0x0 linker stubs

.iplt           0x00014438        0x0
 .iplt          0x00014438        0x0 c:/program files (x86)/atmel/studio/7.0/toolchain/arm/arm-gnu-toolchain/bin/../lib/gcc/arm-none-eabi/6.3.1/thumb/v6-m/crtbegin.o

.eh_frame       0x00014438        0x0
 .eh_frame      0x00014438        0x0 c:/program files (x86)/atmel/studio/7.0/toolchain/arm/arm-gnu-toolchain/bin/../lib/gcc/arm-none-eabi/6.3.1/thumb/v6-m/crtbegin.o

.rel.dyn        0x00014438        0x0
 .rel.iplt      0x00014438        0x0 c:/program files (x86)/atmel/studio/7.0/toolchain/arm/arm-gnu-toolchain/bin/../lib/gcc/arm-none-eabi/6.3.1/thumb/v6-m/crtbegin.o

.jcr            0x00014438        0x0
 .jcr           0x00014438        0x0 c:/program files (x86)/atmel/studio/7.0/toolchain/arm/arm-gnu-toolchain/bin/../lib/gcc/arm-none-eabi/6.3.1/thumb/v6-m/crtbegin.o

.igot.plt       0x00014438        0x0
 .igot.plt      0x00014438        0x0 c:/program files (x86)/atmel/studio/7.0/toolchain/arm/arm-gnu-toolchain/bin/../lib/gcc/arm-none-eabi/6.3.1/thumb/v6-m/crtbegin.o

.ARM.exidx
 *(.ARM.exidx* .gnu.linkonce.armexidx.*)
                [!provide]                PROVIDE (__exidx_end, .)
                0x00014438                . = ALIGN (0x4)
                0x00014438                _etext = .

.relocate       0x20000000       0x9c load address 0x00014438
                0x20000000                . = ALIGN (0x4)
                0x20000000                _srelocate = .
 *(.ramfunc .ramfunc.*)
 *(.data .data.*)
 .data.cycles_per_ms
                0x20000000        0x4 build/Release/production/_ext/2004935951/systick_counter.o
 .data.cycles_per_us
                0x20000004        0x4 build/Release/production/_ext/2004935951/systick_counter.o
 .data.g_interrupt_enabled
                0x20000008        0x1 build/Release/production/_ext/1939168694/interrupt_sam_nvic.o
                0x20000008                g_interrupt_enabled
 .data.s_sectorToErase
                0x20000009        0x1 build/Release/production/_ext/1033996233/S_Nv-SamR21.o
 .data.BankIndex
                0x2000000a        0x1 build/Release/production/_ext/519960650/mimac_at86rf.o
                0x2000000a                BankIndex
 .data.ConnMode
                0x2000000b        0x1 build/Release/production/_ext/1484681269/miwi_p2p_star.o
                0x2000000b                ConnMode
 .data.P2PCapacityInfo
                0x2000000c        0x1 build/Release/production/_ext/1484681269/miwi_p2p_star.o
                0x2000000c                P2PCapacityInfo
 .data.currentChannel
                0x2000000d        0x1 build/Release/production/_ext/1484681269/miwi_p2p_star.o
                0x2000000d                currentChannel
 *fill*         0x2000000e        0x2 
 .data.myLongAddress
                0x20000010        0x8 build/Release/production/_ext/1484681269/miwi_p2p_star.o
                0x20000010                myLongAddress
 .data.txCallbackReceived
                0x20000018        0x1 build/Release/production/_ext/1484681269/miwi_p2p_star.o
                0x20000018                txCallbackReceived
 *fill*         0x20000019        0x3 
 .data.write_buffer
                0x2000001c        0x2 build/Release/production/_ext/744499385/edbg-eui.o
 .data.last_dir
                0x2000001e        0x1 build/Release/production/_ext/1592874582/sal.o
 .data.chk_sel_status
                0x2000001f        0x1 build/Release/production/_ext/1360937237/p2p_demo.o
                0x2000001f                chk_sel_status
 .data.AdditionalNodeID
                0x20000020        0x1 build/Release/production/_ext/1360937237/task.o
                0x20000020                AdditionalNodeID
 *fill*         0x20000021        0x3 
 .data.defaultParamsRomOrRam
                0x20000024       0x10 build/Release/production/_ext/1360937237/task.o
                0x20000024                defaultParamsRomOrRam
 .data.myChannel
                0x20000034        0x1 build/Release/production/_ext/1360937237/task.o
                0x20000034                myChannel
 *fill*         0x20000035        0x3 
 .data._impure_ptr
                0x20000038        0x4 c:/program files (x86)/atmel/studio/7.0/toolchain/arm/arm-gnu-toolchain/bin/../lib/gcc/arm-none-eabi/6.3.1/../../../../arm-none-eabi/lib/thumb/v6-m\libc_nano.a(lib_a-impure.o)
                0x20000038                _impure_ptr
 .data.impure_data
                0x2000003c       0x60 c:/program files (x86)/atmel/studio/7.0/toolchain/arm/arm-gnu-toolchain/bin/../lib/gcc/arm-none-eabi/6.3.1/../../../../arm-none-eabi/lib/thumb/v6-m\libc_nano.a(lib_a-impure.o)
                0x2000009c                . = ALIGN (0x4)
                0x2000009c                _erelocate = .

.bss            0x2000009c     0x2134 load address 0x000144d4
                0x2000009c                . = ALIGN (0x4)
                0x2000009c                _sbss = .
                0x2000009c                _szero = .
 *(.bss .bss.*)
 .bss           0x2000009c       0x1c c:/program files (x86)/atmel/studio/7.0/toolchain/arm/arm-gnu-toolchain/bin/../lib/gcc/arm-none-eabi/6.3.1/thumb/v6-m/crtbegin.o
 .bss.cpu_irq_critical_section_counter
                0x200000b8        0x4 build/Release/production/_ext/1939168694/interrupt_sam_nvic.o
 .bss.cpu_irq_prev_interrupt_state
                0x200000bc        0x1 build/Release/production/_ext/1939168694/interrupt_sam_nvic.o
 *fill*         0x200000bd        0x3 
 .bss._nvm_dev  0x200000c0        0x6 build/Release/production/_ext/2106479848/nvm.o
 *fill*         0x200000c6        0x2 
 .bss._sercom_config
                0x200000c8        0x2 build/Release/production/_ext/246296370/sercom.o
 .bss._handler_table_initialized
                0x200000ca        0x1 build/Release/production/_ext/246296370/sercom_interrupt.o
 *fill*         0x200000cb        0x1 
 .bss._sercom_interrupt_handlers
                0x200000cc       0x18 build/Release/production/_ext/246296370/sercom_interrupt.o
 .bss._system_clock_inst
                0x200000e4       0x18 build/Release/production/_ext/1900123450/clock.o
 .bss.heap.5296
                0x200000fc        0x4 build/Release/production/_ext/1284275751/syscalls.o
 .bss.host_uart_module
                0x20000100       0x34 build/Release/production/_ext/679194198/sio2host.o
 .bss.serial_rx_buf
                0x20000134       0x9c build/Release/production/_ext/679194198/sio2host.o
 .bss.serial_rx_buf_tail
                0x200001d0        0x1 build/Release/production/_ext/679194198/sio2host.o
 *fill*         0x200001d1        0x3 
 .bss.s_pfSystemCheckCallback
                0x200001d4        0x4 build/Release/production/_ext/1033996233/D_Nv.o
 .bss.compactBlockOffset
                0x200001d8        0x2 build/Release/production/_ext/1033996233/S_Nv-SamR21.o
 *fill*         0x200001da        0x2 
 .bss.compactItemTimer
                0x200001dc       0x14 build/Release/production/_ext/1033996233/S_Nv-SamR21.o
 .bss.compactSectorTimer
                0x200001f0       0x14 build/Release/production/_ext/1033996233/S_Nv-SamR21.o
 .bss.currentCompactLength
                0x20000204        0x2 build/Release/production/_ext/1033996233/S_Nv-SamR21.o
 *fill*         0x20000206        0x2 
 .bss.dataBlock
                0x20000208      0x100 build/Release/production/_ext/1033996233/S_Nv-SamR21.o
 .bss.eraseSectorTimer
                0x20000308       0x14 build/Release/production/_ext/1033996233/S_Nv-SamR21.o
 .bss.s_compactItemId
                0x2000031c        0x2 build/Release/production/_ext/1033996233/S_Nv-SamR21.o
 .bss.s_compactItemLength
                0x2000031e        0x2 build/Release/production/_ext/1033996233/S_Nv-SamR21.o
 .bss.s_earlyInitDone
                0x20000320        0x1 build/Release/production/_ext/1033996233/S_Nv-SamR21.o
 *fill*         0x20000321        0x3 
 .bss.s_itemCache
                0x20000324       0x20 build/Release/production/_ext/1033996233/S_Nv-SamR21.o
 .bss.s_itemCount
                0x20000344        0x1 build/Release/production/_ext/1033996233/S_Nv-SamR21.o
 *fill*         0x20000345        0x1 
 .bss.s_nextPageAddressAfterCompact
                0x20000346        0x2 build/Release/production/_ext/1033996233/S_Nv-SamR21.o
 .bss.s_powerSupplyCheckingFunction
                0x20000348        0x4 build/Release/production/_ext/1033996233/S_Nv-SamR21.o
 .bss.s_sector  0x2000034c        0x1 build/Release/production/_ext/1033996233/S_Nv-SamR21.o
 *fill*         0x2000034d        0x1 
 .bss.s_sectorHead
                0x2000034e        0x2 build/Release/production/_ext/1033996233/S_Nv-SamR21.o
 .bss.i_found.11768
                0x20000350        0x1 build/Release/production/_ext/1033996502/wlPdsDataServer.o
 *fill*         0x20000351        0x3 
 .bss.itemsToStore
                0x20000354        0x1 build/Release/production/_ext/1033996502/wlPdsDataServer.o
 .bss.j_found.11769
                0x20000355        0x1 build/Release/production/_ext/1033996502/wlPdsDataServer.o
 .bss.pendingTasks
                0x20000356        0x1 build/Release/production/_ext/1033996502/wlPdsTaskManager.o
 .bss.dataConfAvailable
                0x20000357        0x1 build/Release/production/_ext/519960650/mimac_at86rf.o
                0x20000357                dataConfAvailable
 .bss.dataConfCallback
                0x20000358        0x4 build/Release/production/_ext/519960650/mimac_at86rf.o
                0x20000358                dataConfCallback
 .bss.dataHandle
                0x2000035c        0x1 build/Release/production/_ext/519960650/mimac_at86rf.o
                0x2000035c                dataHandle
 *fill*         0x2000035d        0x3 
 .bss.dataPointer
                0x20000360        0x4 build/Release/production/_ext/519960650/mimac_at86rf.o
                0x20000360                dataPointer
 .bss.phyRxBuffer
                0x20000364       0x80 build/Release/production/_ext/2007916678/phy.o
 .bss.phyRxState
                0x200003e4        0x1 build/Release/production/_ext/2007916678/phy.o
 .bss.phyState  0x200003e5        0x1 build/Release/production/_ext/2007916678/phy.o
 .bss.conn_size
                0x200003e6        0x1 build/Release/production/_ext/1484681269/miwi_p2p_star.o
                0x200003e6                conn_size
 *fill*         0x200003e7        0x1 
 .bss.connectionTimeInterval
                0x200003e8        0x2 build/Release/production/_ext/1484681269/miwi_p2p_star.o
                0x200003e8                connectionTimeInterval
 *fill*         0x200003ea        0x2 
 .bss.lastTxFrameTick
                0x200003ec        0x4 build/Release/production/_ext/1484681269/miwi_p2p_star.o
 .bss.p2pStarCurrentState
                0x200003f0        0x1 build/Release/production/_ext/1484681269/miwi_p2p_star.o
                0x200003f0                p2pStarCurrentState
 *fill*         0x200003f1        0x3 
 .bss.pktRxcallback
                0x200003f4        0x4 build/Release/production/_ext/1484681269/miwi_p2p_star.o
                0x200003f4                pktRxcallback
 .bss.protocolTimer
                0x200003f8       0x14 build/Release/production/_ext/1484681269/miwi_p2p_star.o
 .bss.transaction_duration_us
                0x2000040c        0x4 build/Release/production/_ext/1484681269/miwi_p2p_star.o
 .bss.base      0x20000410        0x4 build/Release/production/_ext/1247473316/mimem.o
 .bss.heapMem   0x20000414     0x1800 build/Release/production/_ext/1247473316/mimem.o
 .bss.totalFreeBytesRemaining
                0x20001c14        0x4 build/Release/production/_ext/1247473316/mimem.o
 .bss.timers    0x20001c18        0x4 build/Release/production/_ext/1247473316/sysTimer.o
 .bss.aes_buf   0x20001c1c       0x12 build/Release/production/_ext/1592874582/sal.o
 .bss.dec_initialized
                0x20001c2e        0x1 build/Release/production/_ext/1592874582/sal.o
 *fill*         0x20001c2f        0x1 
 .bss.dec_key   0x20001c30       0x10 build/Release/production/_ext/1592874582/sal.o
 .bss.enc_key   0x20001c40       0x10 build/Release/production/_ext/1592874582/sal.o
 .bss.setup_flag
                0x20001c50        0x1 build/Release/production/_ext/1592874582/sal.o
 *fill*         0x20001c51        0x3 
 .bss.irq_hdl_trx
                0x20001c54        0x4 build/Release/production/_ext/1248978276/trx_access.o
 .bss.RxNum     0x20001c58        0x1 build/Release/production/_ext/1360937237/p2p_demo.o
                0x20001c58                RxNum
 .bss.TxNum     0x20001c59        0x1 build/Release/production/_ext/1360937237/p2p_demo.o
                0x20001c59                TxNum
 .bss.TxSynCount
                0x20001c5a        0x1 build/Release/production/_ext/1360937237/p2p_demo.o
                0x20001c5a                TxSynCount
 .bss.TxSynCount2
                0x20001c5b        0x1 build/Release/production/_ext/1360937237/p2p_demo.o
                0x20001c5b                TxSynCount2
 .bss.msghandledemo
                0x20001c5c        0x1 build/Release/production/_ext/1360937237/p2p_demo.o
                0x20001c5c                msghandledemo
 *fill*         0x20001c5d        0x3 
 .bss.defaultParamsRamOnly
                0x20001c60        0x1 build/Release/production/_ext/1360937237/task.o
                0x20001c60                defaultParamsRamOnly
 .bss.startNetwork
                0x20001c61        0x1 build/Release/production/_ext/1360937237/task.o
                0x20001c61                startNetwork
 *fill*         0x20001c62        0x2 
 .bss           0x20001c64       0x14 ../src/ASF/thirdparty/wireless/services/common_hw_timer/sam0/lib\libsam0_lib_hw_timer.a(common_hw_timer.o)
 .bss.__malloc_free_list
                0x20001c78        0x4 c:/program files (x86)/atmel/studio/7.0/toolchain/arm/arm-gnu-toolchain/bin/../lib/gcc/arm-none-eabi/6.3.1/../../../../arm-none-eabi/lib/thumb/v6-m\libc_nano.a(lib_a-nano-mallocr.o)
                0x20001c78                __malloc_free_list
 .bss.__malloc_sbrk_start
                0x20001c7c        0x4 c:/program files (x86)/atmel/studio/7.0/toolchain/arm/arm-gnu-toolchain/bin/../lib/gcc/arm-none-eabi/6.3.1/../../../../arm-none-eabi/lib/thumb/v6-m\libc_nano.a(lib_a-nano-mallocr.o)
                0x20001c7c                __malloc_sbrk_start
 *(COMMON)
 COMMON         0x20001c80        0x1 build/Release/production/_ext/629492261/extint_callback.o
                0x20001c80                _current_channel
 *fill*         0x20001c81        0x3 
 COMMON         0x20001c84       0x40 build/Release/production/_ext/559814147/extint.o
                0x20001c84                _extint_dev
 COMMON         0x20001cc4        0x4 build/Release/production/_ext/1834056647/rtc_count.o
                0x20001cc4                _rtc_instance
 COMMON         0x20001cc8       0x18 build/Release/production/_ext/246296370/sercom_interrupt.o
                0x20001cc8                _sercom_instances
 COMMON         0x20001ce0        0xc build/Release/production/_ext/760687460/tc_interrupt.o
                0x20001ce0                _tc_instances
 COMMON         0x20001cec        0x4 build/Release/production/_ext/1312133662/read.o
                0x20001cec                ptr_get
 COMMON         0x20001cf0        0x8 build/Release/production/_ext/1312133662/write.o
                0x20001cf0                ptr_put
                0x20001cf4                stdio_base
 COMMON         0x20001cf8       0xe3 build/Release/production/_ext/519960650/mimac_at86rf.o
                0x20001cf8                IEEESeqNum
                0x20001cfc                packet
                0x20001d7c                myNetworkAddress
                0x20001d80                calculated_mic_values
                0x20001d84                MACInitParams
                0x20001d8c                InitVect_in
                0x20001d9c                CTR_mic
                0x20001dac                final_mic_value
                0x20001dbc                dataStatus
                0x20001dc0                OutgoingFrameCounter
                0x20001dc4                CBC_mic
                0x20001dd4                received_mic_values
                0x20001dd8                MAC_PANID
                0x20001dda                MACCurrentChannel
 *fill*         0x20001ddb        0x1 
 COMMON         0x20001ddc      0x150 build/Release/production/_ext/2007916678/phy.o
                0x20001ddc                gPhyDataReq
                0x20001de8                phyTxQueue
                0x20001df4                RxBuffer
 COMMON         0x20001f2c       0xac build/Release/production/_ext/1484681269/miwi_p2p_star.o
                0x20001f2c                LatestConnection
                0x20001f30                macAckOnlyFrameQueue
                0x20001f3c                indirectFrameQueue
                0x20001f48                MACRxPacket
                0x20001f5c                miwiDefaultRomOrRamParams
                0x20001f60                miwiDefaultRamOnlyParams
                0x20001f64                myConnectionIndex_in_PanCo
                0x20001f68                reconnectionCallback
                0x20001f6c                myPANID
                0x20001f70                IncomingFrameCounter
                0x20001f84                frameTxQueue
                0x20001f90                MyindexinPC
                0x20001f94                P2PStatus
                0x20001f98                gEstConnectionInfo
                0x20001fa8                gSearchConnectionInfo
                0x20001fb4                resyncInfo
                0x20001fc4                rxMessage
                0x20001fd4                sentFrame
 COMMON         0x20001fd8        0x6 build/Release/production/_ext/1247473316/sysTimer.o
                0x20001fd8                SysTimerIrqCount
                0x20001fdc                timerExtension1
                0x20001fdd                timerExtension2
 *fill*         0x20001fde        0x2 
 COMMON         0x20001fe0       0x50 build/Release/production/_ext/294023502/hw_timer.o
                0x20001fe0                timer_config
                0x20002014                module_inst
 COMMON         0x20002030      0x10c build/Release/production/_ext/744499385/edbg-eui.o
                0x20002030                readbuf
                0x20002130                i2c_master_instance
 COMMON         0x2000213c       0x50 build/Release/production/_ext/1248978276/trx_access.o
                0x2000213c                dummy_read
                0x20002140                slave_dev_config
                0x20002144                slave
                0x20002148                config
                0x20002180                master
 COMMON         0x2000218c        0x8 build/Release/production/_ext/1360937237/demo_output.o
                0x2000218c                PUSH_BUTTON_pressed
                0x20002190                PUSH_BUTTON_press_time
 COMMON         0x20002194        0x4 build/Release/production/_ext/1360937237/p2p_demo.o
                0x20002194                update_ed
                0x20002195                select_ed
                0x20002196                i
                0x20002197                NumOfActiveScanResponse
 COMMON         0x20002198       0x32 build/Release/production/_ext/1360937237/task.o
                0x20002198                connectionTable
 COMMON         0x200021ca        0x1 ../src/ASF/thirdparty/wireless/services/common_hw_timer/sam0/lib\libsam0_lib_hw_timer.a(common_hw_timer.o)
                0x200021ca                timer_multiplier
 *fill*         0x200021cb        0x1 
 COMMON         0x200021cc        0x4 c:/program files (x86)/atmel/studio/7.0/toolchain/arm/arm-gnu-toolchain/bin/../lib/gcc/arm-none-eabi/6.3.1/../../../../arm-none-eabi/lib/thumb/v6-m\libc_nano.a(lib_a-reent.o)
                0x200021cc                errno
                0x200021d0                . = ALIGN (0x4)
                0x200021d0                _ebss = .
                0x200021d0                _ezero = .

.stack          0x200021d0      0xe00 load address 0x00016608
                0x200021d0                . = ALIGN (0x8)
                0x200021d0                _sstack = .
                0x20002fd0                . = (. + STACK_SIZE)
 *fill*         0x200021d0      0xe00 
                0x20002fd0                . = ALIGN (0x8)
                0x20002fd0                _estack = .
                0x20002fd0                . = ALIGN (0x4)
                0x20002fd0                _end = .
OUTPUT(dist/Release/production/SAMR21_SIMPLE_EXAMPLE_P2P1.X.production.elf elf32-littlearm)

.ARM.attributes
                0x00000000       0x28
 .ARM.attributes
                0x00000000       0x1e c:/program files (x86)/atmel/studio/7.0/toolchain/arm/arm-gnu-toolchain/bin/../lib/gcc/arm-none-eabi/6.3.1/thumb/v6-m/crti.o
 .ARM.attributes
                0x0000001e       0x2c c:/program files (x86)/atmel/studio/7.0/toolchain/arm/arm-gnu-toolchain/bin/../lib/gcc/arm-none-eabi/6.3.1/thumb/v6-m/crtbegin.o
 .ARM.attributes
                0x0000004a       0x32 build/Release/production/_ext/2004935951/systick_counter.o
 .ARM.attributes
                0x0000007c       0x32 build/Release/production/_ext/1939168694/interrupt_sam_nvic.o
 .ARM.attributes
                0x000000ae       0x32 build/Release/production/_ext/1350218445/board_init.o
 .ARM.attributes
                0x000000e0       0x32 build/Release/production/_ext/629492261/extint_callback.o
 .ARM.attributes
                0x00000112       0x32 build/Release/production/_ext/559814147/extint.o
 .ARM.attributes
                0x00000144       0x32 build/Release/production/_ext/2106479848/nvm.o
 .ARM.attributes
                0x00000176       0x32 build/Release/production/_ext/876312722/port.o
 .ARM.attributes
                0x000001a8       0x32 build/Release/production/_ext/1834056647/rtc_count.o
 .ARM.attributes
                0x000001da       0x32 build/Release/production/_ext/1834056647/rtc_count_interrupt.o
 .ARM.attributes
                0x0000020c       0x32 build/Release/production/_ext/992430548/i2c_master.o
 .ARM.attributes
                0x0000023e       0x32 build/Release/production/_ext/246296370/sercom.o
 .ARM.attributes
                0x00000270       0x32 build/Release/production/_ext/246296370/sercom_interrupt.o
 .ARM.attributes
                0x000002a2       0x32 build/Release/production/_ext/1599591659/spi.o
 .ARM.attributes
                0x000002d4       0x32 build/Release/production/_ext/388775292/usart.o
 .ARM.attributes
                0x00000306       0x32 build/Release/production/_ext/388775292/usart_interrupt.o
 .ARM.attributes
                0x00000338       0x32 build/Release/production/_ext/1900123450/clock.o
 .ARM.attributes
                0x0000036a       0x32 build/Release/production/_ext/1900123450/gclk.o
 .ARM.attributes
                0x0000039c       0x32 build/Release/production/_ext/980481618/pinmux.o
 .ARM.attributes
                0x000003ce       0x32 build/Release/production/_ext/227780132/system.o
 .ARM.attributes
                0x00000400       0x32 build/Release/production/_ext/760687460/tc_interrupt.o
 .ARM.attributes
                0x00000432       0x32 build/Release/production/_ext/1281927709/tc.o
 .ARM.attributes
                0x00000464       0x32 build/Release/production/_ext/386045837/startup_samr21.o
 .ARM.attributes
                0x00000496       0x32 build/Release/production/_ext/1312133662/read.o
 .ARM.attributes
                0x000004c8       0x32 build/Release/production/_ext/1312133662/write.o
 .ARM.attributes
                0x000004fa       0x32 build/Release/production/_ext/1284275751/syscalls.o
 .ARM.attributes